Component: ARM Compiler 5.06 update 4 (build 422) Tool: armlink [4d35d2]

==============================================================================

Section Cross References

    system_py32f0xx.o(i.$Sub$$main) refers to main.o(i.main) for $Super$$main
    system_py32f0xx.o(i.$Sub$$main) refers to system_py32f0xx.o(.ARM.__at_0x20000000) for VECT_SRAM_TAB
    system_py32f0xx.o(i.SystemCoreClockUpdate) refers to uidiv.o(.text) for __aeabi_uidivmod
    system_py32f0xx.o(i.SystemCoreClockUpdate) refers to system_py32f0xx.o(.data) for SystemCoreClock
    system_py32f0xx.o(i.SystemCoreClockUpdate) refers to system_py32f0xx.o(.constdata) for HSIFreqTable
    startup_py32f002xx.o(RESET) refers to startup_py32f002xx.o(STACK) for __initial_sp
    startup_py32f002xx.o(RESET) refers to startup_py32f002xx.o(.text) for Reset_Handler
    startup_py32f002xx.o(RESET) refers to py32f0xx_it.o(i.NMI_Handler) for NMI_Handler
    startup_py32f002xx.o(RESET) refers to py32f0xx_it.o(i.HardFault_Handler) for HardFault_Handler
    startup_py32f002xx.o(RESET) refers to py32f0xx_it.o(i.SVC_Handler) for SVC_Handler
    startup_py32f002xx.o(RESET) refers to py32f0xx_it.o(i.PendSV_Handler) for PendSV_Handler
    startup_py32f002xx.o(RESET) refers to py32f0xx_it.o(i.SysTick_Handler) for SysTick_Handler
    startup_py32f002xx.o(RESET) refers to py32f0xx_it.o(i.EXTI0_1_IRQHandler) for EXTI0_1_IRQHandler
    startup_py32f002xx.o(RESET) refers to py32f0xx_it.o(i.EXTI4_15_IRQHandler) for EXTI4_15_IRQHandler
    startup_py32f002xx.o(RESET) refers to py32f0xx_it.o(i.TIM1_BRK_UP_TRG_COM_IRQHandler) for TIM1_BRK_UP_TRG_COM_IRQHandler
    startup_py32f002xx.o(RESET) refers to py32f0xx_it.o(i.LPTIM1_IRQHandler) for LPTIM1_IRQHandler
    startup_py32f002xx.o(RESET) refers to py32f0xx_it.o(i.TIM16_IRQHandler) for TIM16_IRQHandler
    startup_py32f002xx.o(.text) refers to system_py32f0xx.o(i.SystemInit) for SystemInit
    startup_py32f002xx.o(.text) refers to entry.o(.ARM.Collect$$$$00000000) for __main
    main.o(i.APP_ConfigTIM1) refers to memseta.o(.text) for __aeabi_memclr4
    main.o(i.APP_ConfigTIM1) refers to py32f0xx_ll_tim.o(i.LL_TIM_Init) for LL_TIM_Init
    main.o(i.APP_ConfigTIM1) refers to main.o(i.NVIC_SetPriority) for NVIC_SetPriority
    main.o(i.APP_IOPortInit) refers to py32f0xx_ll_gpio.o(i.LL_GPIO_Init) for LL_GPIO_Init
    main.o(i.APP_SystemClockConfig) refers to py32f0xx_ll_utils.o(i.LL_SetSystemCoreClock) for LL_SetSystemCoreClock
    main.o(i.APP_SystemClockConfig) refers to py32f0xx_ll_utils.o(i.LL_Init1msTick) for LL_Init1msTick
    main.o(i.APP_SystemClockConfig) refers to uidiv.o(.text) for __aeabi_uidivmod
    main.o(i.APP_SystemClockConfig) refers to main.o(i.NVIC_SetPriority) for NVIC_SetPriority
    main.o(i.APP_SystemClockConfig) refers to system_py32f0xx.o(.data) for SystemCoreClock
    main.o(i.APP_SystemInit) refers to main.o(i.APP_SystemClockConfig) for APP_SystemClockConfig
    main.o(i.APP_SystemInit) refers to main.o(i.APP_IOPortInit) for APP_IOPortInit
    main.o(i.APP_SystemInit) refers to main.o(i.APP_ConfigTIM1) for APP_ConfigTIM1
    main.o(i.OsTimeTaskCB) refers to main.o(i.LL_GPIO_SetOutputPin) for LL_GPIO_SetOutputPin
    main.o(i.OsTimeTaskCB) refers to main.o(.data) for g_cnt_Timer_T1ms
    main.o(i.delay_ms) refers to main.o(.data) for g_cnt_Timer_T1ms
    main.o(i.main) refers to memseta.o(.text) for __aeabi_memclr4
    main.o(i.main) refers to main.o(i.APP_SystemInit) for APP_SystemInit
    main.o(i.main) refers to oled091.o(i.OLED_Init) for OLED_Init
    main.o(i.main) refers to oled091.o(i.OLED_Clear) for OLED_Clear
    main.o(i.main) refers to oled091.o(i.OLED_ShowString) for OLED_ShowString
    main.o(i.main) refers to main.o(i.delay_ms) for delay_ms
    main.o(i.main) refers to main.o(i.LL_GPIO_SetOutputPin) for LL_GPIO_SetOutputPin
    main.o(i.main) refers to printf6.o(i.__0sprintf$6) for __2sprintf
    main.o(i.main) refers to main.o(.data) for b_update
    py32f0xx_it.o(i.EXTI0_1_IRQHandler) refers to py32f0xx_it.o(i.LL_EXTI_ReadFlag) for LL_EXTI_ReadFlag
    py32f0xx_it.o(i.EXTI0_1_IRQHandler) refers to py32f0xx_it.o(i.LL_EXTI_ClearFlag) for LL_EXTI_ClearFlag
    py32f0xx_it.o(i.EXTI4_15_IRQHandler) refers to py32f0xx_it.o(i.LL_EXTI_ReadFlag) for LL_EXTI_ReadFlag
    py32f0xx_it.o(i.EXTI4_15_IRQHandler) refers to py32f0xx_it.o(i.LL_EXTI_ClearFlag) for LL_EXTI_ClearFlag
    py32f0xx_it.o(i.SysTick_Handler) refers to main.o(i.OsTimeTaskCB) for OsTimeTaskCB
    py32f0xx_it.o(i.TIM16_IRQHandler) refers to py32f0xx_it.o(i.LL_TIM_IsEnabledIT_UPDATE) for LL_TIM_IsEnabledIT_UPDATE
    py32f0xx_it.o(i.TIM1_BRK_UP_TRG_COM_IRQHandler) refers to py32f0xx_it.o(i.LL_TIM_IsEnabledIT_UPDATE) for LL_TIM_IsEnabledIT_UPDATE
    py32f0xx_ll_gpio.o(i.LL_GPIO_DeInit) refers to py32f0xx_ll_gpio.o(i.LL_IOP_GRP1_ForceReset) for LL_IOP_GRP1_ForceReset
    py32f0xx_ll_gpio.o(i.LL_GPIO_DeInit) refers to py32f0xx_ll_gpio.o(i.LL_IOP_GRP1_ReleaseReset) for LL_IOP_GRP1_ReleaseReset
    py32f0xx_ll_tim.o(i.LL_TIM_DeInit) refers to py32f0xx_ll_tim.o(i.LL_APB1_GRP2_ForceReset) for LL_APB1_GRP2_ForceReset
    py32f0xx_ll_tim.o(i.LL_TIM_DeInit) refers to py32f0xx_ll_tim.o(i.LL_APB1_GRP2_ReleaseReset) for LL_APB1_GRP2_ReleaseReset
    py32f0xx_ll_tim.o(i.LL_TIM_HALLSENSOR_Init) refers to py32f0xx_ll_tim.o(i.LL_TIM_OC_SetCompareCH2) for LL_TIM_OC_SetCompareCH2
    py32f0xx_ll_tim.o(i.LL_TIM_IC_Init) refers to py32f0xx_ll_tim.o(i.IC1Config) for IC1Config
    py32f0xx_ll_tim.o(i.LL_TIM_IC_Init) refers to py32f0xx_ll_tim.o(i.IC2Config) for IC2Config
    py32f0xx_ll_tim.o(i.LL_TIM_IC_Init) refers to py32f0xx_ll_tim.o(i.IC3Config) for IC3Config
    py32f0xx_ll_tim.o(i.LL_TIM_IC_Init) refers to py32f0xx_ll_tim.o(i.IC4Config) for IC4Config
    py32f0xx_ll_tim.o(i.LL_TIM_OC_Init) refers to py32f0xx_ll_tim.o(i.OC1Config) for OC1Config
    py32f0xx_ll_tim.o(i.LL_TIM_OC_Init) refers to py32f0xx_ll_tim.o(i.OC2Config) for OC2Config
    py32f0xx_ll_tim.o(i.LL_TIM_OC_Init) refers to py32f0xx_ll_tim.o(i.OC3Config) for OC3Config
    py32f0xx_ll_tim.o(i.LL_TIM_OC_Init) refers to py32f0xx_ll_tim.o(i.OC4Config) for OC4Config
    py32f0xx_ll_tim.o(i.OC2Config) refers to py32f0xx_ll_tim.o(i.LL_TIM_OC_SetCompareCH2) for LL_TIM_OC_SetCompareCH2
    py32f0xx_ll_exti.o(i.LL_EXTI_Init) refers to py32f0xx_ll_exti.o(i.LL_EXTI_DisableEvent) for LL_EXTI_DisableEvent
    py32f0xx_ll_exti.o(i.LL_EXTI_Init) refers to py32f0xx_ll_exti.o(i.LL_EXTI_EnableIT) for LL_EXTI_EnableIT
    py32f0xx_ll_exti.o(i.LL_EXTI_Init) refers to py32f0xx_ll_exti.o(i.LL_EXTI_DisableIT) for LL_EXTI_DisableIT
    py32f0xx_ll_exti.o(i.LL_EXTI_Init) refers to py32f0xx_ll_exti.o(i.LL_EXTI_EnableEvent) for LL_EXTI_EnableEvent
    py32f0xx_ll_exti.o(i.LL_EXTI_Init) refers to py32f0xx_ll_exti.o(i.LL_EXTI_EnableRisingTrig) for LL_EXTI_EnableRisingTrig
    py32f0xx_ll_exti.o(i.LL_EXTI_Init) refers to py32f0xx_ll_exti.o(i.LL_EXTI_EnableFallingTrig) for LL_EXTI_EnableFallingTrig
    py32f0xx_ll_rcc.o(i.LL_RCC_DeInit) refers to py32f0xx_ll_rcc.o(i.LL_RCC_GetSysClkSource) for LL_RCC_GetSysClkSource
    py32f0xx_ll_rcc.o(i.LL_RCC_DeInit) refers to py32f0xx_ll_rcc.o(i.LL_RCC_HSE_IsReady) for LL_RCC_HSE_IsReady
    py32f0xx_ll_rcc.o(i.LL_RCC_GetLPTIMClockFreq) refers to py32f0xx_ll_rcc.o(i.LL_RCC_LSI_IsReady) for LL_RCC_LSI_IsReady
    py32f0xx_ll_rcc.o(i.LL_RCC_GetLPTIMClockFreq) refers to py32f0xx_ll_rcc.o(i.RCC_GetSystemClockFreq) for RCC_GetSystemClockFreq
    py32f0xx_ll_rcc.o(i.LL_RCC_GetLPTIMClockFreq) refers to py32f0xx_ll_rcc.o(i.RCC_GetHCLKClockFreq) for RCC_GetHCLKClockFreq
    py32f0xx_ll_rcc.o(i.LL_RCC_GetLPTIMClockFreq) refers to py32f0xx_ll_rcc.o(i.RCC_GetPCLK1ClockFreq) for RCC_GetPCLK1ClockFreq
    py32f0xx_ll_rcc.o(i.LL_RCC_GetMCOClockFreq) refers to py32f0xx_ll_rcc.o(i.LL_RCC_HSE_IsReady) for LL_RCC_HSE_IsReady
    py32f0xx_ll_rcc.o(i.LL_RCC_GetMCOClockFreq) refers to py32f0xx_ll_rcc.o(i.LL_RCC_LSI_IsReady) for LL_RCC_LSI_IsReady
    py32f0xx_ll_rcc.o(i.LL_RCC_GetMCOClockFreq) refers to uidiv.o(.text) for __aeabi_uidivmod
    py32f0xx_ll_rcc.o(i.LL_RCC_GetMCOClockFreq) refers to system_py32f0xx.o(.data) for SystemCoreClock
    py32f0xx_ll_rcc.o(i.LL_RCC_GetMCOClockFreq) refers to system_py32f0xx.o(.constdata) for HSIFreqTable
    py32f0xx_ll_rcc.o(i.LL_RCC_GetSystemClocksFreq) refers to py32f0xx_ll_rcc.o(i.RCC_GetSystemClockFreq) for RCC_GetSystemClockFreq
    py32f0xx_ll_rcc.o(i.LL_RCC_GetSystemClocksFreq) refers to py32f0xx_ll_rcc.o(i.RCC_GetHCLKClockFreq) for RCC_GetHCLKClockFreq
    py32f0xx_ll_rcc.o(i.LL_RCC_GetSystemClocksFreq) refers to py32f0xx_ll_rcc.o(i.RCC_GetPCLK1ClockFreq) for RCC_GetPCLK1ClockFreq
    py32f0xx_ll_rcc.o(i.RCC_GetHCLKClockFreq) refers to system_py32f0xx.o(.constdata) for AHBPrescTable
    py32f0xx_ll_rcc.o(i.RCC_GetPCLK1ClockFreq) refers to system_py32f0xx.o(.constdata) for APBPrescTable
    py32f0xx_ll_rcc.o(i.RCC_GetSystemClockFreq) refers to py32f0xx_ll_rcc.o(i.LL_RCC_GetSysClkSource) for LL_RCC_GetSysClkSource
    py32f0xx_ll_rcc.o(i.RCC_GetSystemClockFreq) refers to uidiv.o(.text) for __aeabi_uidivmod
    py32f0xx_ll_rcc.o(i.RCC_GetSystemClockFreq) refers to system_py32f0xx.o(.constdata) for HSIFreqTable
    py32f0xx_ll_utils.o(i.LL_Init1msTick) refers to uidiv.o(.text) for __aeabi_uidivmod
    py32f0xx_ll_utils.o(i.LL_SetSystemCoreClock) refers to system_py32f0xx.o(.data) for SystemCoreClock
    oled091.o(i.OLED_Clear) refers to oled091.o(i.oled091_Write_Byte) for oled091_Write_Byte
    oled091.o(i.OLED_Display_Off) refers to oled091.o(i.oled091_Write_Byte) for oled091_Write_Byte
    oled091.o(i.OLED_Display_On) refers to oled091.o(i.oled091_Write_Byte) for oled091_Write_Byte
    oled091.o(i.OLED_DrawBMP) refers to oled091.o(i.OLED_Set_Pos) for OLED_Set_Pos
    oled091.o(i.OLED_DrawBMP) refers to oled091.o(i.oled091_Write_Byte) for oled091_Write_Byte
    oled091.o(i.OLED_Init) refers to oled091.o(i.oled091_init) for oled091_init
    oled091.o(i.OLED_Init) refers to main.o(i.delay_ms) for delay_ms
    oled091.o(i.OLED_Init) refers to oled091.o(i.oled091_Write_Byte) for oled091_Write_Byte
    oled091.o(i.OLED_Init) refers to oled091.o(i.OLED_Clear) for OLED_Clear
    oled091.o(i.OLED_On) refers to oled091.o(i.oled091_Write_Byte) for oled091_Write_Byte
    oled091.o(i.OLED_Set_Pos) refers to oled091.o(i.oled091_Write_Byte) for oled091_Write_Byte
    oled091.o(i.OLED_ShowCHinese) refers to oled091.o(i.OLED_Set_Pos) for OLED_Set_Pos
    oled091.o(i.OLED_ShowCHinese) refers to oled091.o(i.oled091_Write_Byte) for oled091_Write_Byte
    oled091.o(i.OLED_ShowCHinese) refers to oled091.o(.data) for Hzk
    oled091.o(i.OLED_ShowChar) refers to oled091.o(i.OLED_Set_Pos) for OLED_Set_Pos
    oled091.o(i.OLED_ShowChar) refers to oled091.o(i.oled091_Write_Byte) for oled091_Write_Byte
    oled091.o(i.OLED_ShowChar) refers to oled091.o(.constdata) for F20x32
    oled091.o(i.OLED_ShowNum) refers to oled091.o(i.oled_pow) for oled_pow
    oled091.o(i.OLED_ShowNum) refers to uidiv.o(.text) for __aeabi_uidivmod
    oled091.o(i.OLED_ShowNum) refers to oled091.o(i.OLED_ShowChar) for OLED_ShowChar
    oled091.o(i.OLED_ShowString) refers to oled091.o(i.OLED_ShowChar) for OLED_ShowChar
    oled091.o(i.oled091_Write_Byte) refers to t_iic.o(i._iic_start) for _iic_start
    oled091.o(i.oled091_Write_Byte) refers to t_iic.o(i._iic_send_byte) for _iic_send_byte
    oled091.o(i.oled091_Write_Byte) refers to t_iic.o(i._iic_wait_slave_ack) for _iic_wait_slave_ack
    oled091.o(i.oled091_Write_Byte) refers to t_iic.o(i._iic_stop) for _iic_stop
    oled091.o(i.oled091_Write_Byte) refers to oled091.o(.bss) for dev_oled091
    oled091.o(i.oled091_delay) refers to main.o(i.delay_us) for delay_us
    oled091.o(i.oled091_init) refers to py32f0xx_ll_gpio.o(i.LL_GPIO_Init) for LL_GPIO_Init
    oled091.o(i.oled091_init) refers to oled091.o(i.oled091_delay) for oled091_delay
    oled091.o(i.oled091_init) refers to oled091.o(.bss) for dev_oled091
    oled091.o(i.oled091_init) refers to oled091.o(i.oled091_scl_high) for oled091_scl_high
    oled091.o(i.oled091_init) refers to oled091.o(i.oled091_scl_low) for oled091_scl_low
    oled091.o(i.oled091_init) refers to oled091.o(i.oled091_sda_high) for oled091_sda_high
    oled091.o(i.oled091_init) refers to oled091.o(i.oled091_sda_low) for oled091_sda_low
    oled091.o(i.oled091_init) refers to oled091.o(i.oled091_sda_in) for oled091_sda_in
    oled091.o(i.oled091_init) refers to oled091.o(i.oled091_sda_out) for oled091_sda_out
    oled091.o(i.oled091_init) refers to oled091.o(i.oled091_sda_read) for oled091_sda_read
    oled091.o(i.oled091_scl_high) refers to oled091.o(i.LL_GPIO_SetOutputPin) for LL_GPIO_SetOutputPin
    oled091.o(i.oled091_scl_low) refers to oled091.o(i.LL_GPIO_ResetOutputPin) for LL_GPIO_ResetOutputPin
    oled091.o(i.oled091_sda_high) refers to oled091.o(i.LL_GPIO_SetOutputPin) for LL_GPIO_SetOutputPin
    oled091.o(i.oled091_sda_in) refers to py32f0xx_ll_gpio.o(i.LL_GPIO_Init) for LL_GPIO_Init
    oled091.o(i.oled091_sda_low) refers to oled091.o(i.LL_GPIO_ResetOutputPin) for LL_GPIO_ResetOutputPin
    oled091.o(i.oled091_sda_out) refers to py32f0xx_ll_gpio.o(i.LL_GPIO_Init) for LL_GPIO_Init
    t_iic.o(i._iic_read_byte) refers to t_iic.o(i._iic_ack) for _iic_ack
    t_iic.o(i._iic_read_byte) refers to t_iic.o(i._iic_no_ack) for _iic_no_ack
    entry.o(.ARM.Collect$$$$00000000) refers (Special) to entry10a.o(.ARM.Collect$$$$0000000D) for __rt_final_cpp
    entry.o(.ARM.Collect$$$$00000000) refers (Special) to entry11a.o(.ARM.Collect$$$$0000000F) for __rt_final_exit
    entry.o(.ARM.Collect$$$$00000000) refers (Special) to entry7b.o(.ARM.Collect$$$$00000008) for _main_clock
    entry.o(.ARM.Collect$$$$00000000) refers (Special) to entry8b.o(.ARM.Collect$$$$0000000A) for _main_cpp_init
    entry.o(.ARM.Collect$$$$00000000) refers (Special) to entry9a.o(.ARM.Collect$$$$0000000B) for _main_init
    entry.o(.ARM.Collect$$$$00000000) refers (Special) to entry5.o(.ARM.Collect$$$$00000004) for _main_scatterload
    entry.o(.ARM.Collect$$$$00000000) refers (Special) to entry2.o(.ARM.Collect$$$$00000001) for _main_stk
    printfb.o(i.__0fprintf$bare) refers to printfb.o(i._printf_core) for _printf_core
    printfb.o(i.__0fprintf$bare) refers to fputc.o(i.fputc) for fputc
    printfb.o(i.__0printf$bare) refers to printfb.o(i._printf_core) for _printf_core
    printfb.o(i.__0printf$bare) refers to fputc.o(i.fputc) for fputc
    printfb.o(i.__0printf$bare) refers to stdout.o(.data) for __stdout
    printfb.o(i.__0snprintf$bare) refers to printfb.o(i._printf_core) for _printf_core
    printfb.o(i.__0snprintf$bare) refers to printfb.o(i._snputc) for _snputc
    printfb.o(i.__0sprintf$bare) refers to printfb.o(i._printf_core) for _printf_core
    printfb.o(i.__0sprintf$bare) refers to printfb.o(i._sputc) for _sputc
    printfb.o(i.__0vfprintf$bare) refers to printfb.o(i._printf_core) for _printf_core
    printfb.o(i.__0vfprintf$bare) refers to fputc.o(i.fputc) for fputc
    printfb.o(i.__0vprintf$bare) refers to printfb.o(i._printf_core) for _printf_core
    printfb.o(i.__0vprintf$bare) refers to fputc.o(i.fputc) for fputc
    printfb.o(i.__0vprintf$bare) refers to stdout.o(.data) for __stdout
    printfb.o(i.__0vsnprintf$bare) refers to printfb.o(i._printf_core) for _printf_core
    printfb.o(i.__0vsnprintf$bare) refers to printfb.o(i._snputc) for _snputc
    printfb.o(i.__0vsprintf$bare) refers to printfb.o(i._printf_core) for _printf_core
    printfb.o(i.__0vsprintf$bare) refers to printfb.o(i._sputc) for _sputc
    printf0.o(i.__0fprintf$0) refers to printf0.o(i._printf_core) for _printf_core
    printf0.o(i.__0fprintf$0) refers to fputc.o(i.fputc) for fputc
    printf0.o(i.__0printf$0) refers to printf0.o(i._printf_core) for _printf_core
    printf0.o(i.__0printf$0) refers to fputc.o(i.fputc) for fputc
    printf0.o(i.__0printf$0) refers to stdout.o(.data) for __stdout
    printf0.o(i.__0snprintf$0) refers to printf0.o(i._printf_core) for _printf_core
    printf0.o(i.__0snprintf$0) refers to printf0.o(i._snputc) for _snputc
    printf0.o(i.__0sprintf$0) refers to printf0.o(i._printf_core) for _printf_core
    printf0.o(i.__0sprintf$0) refers to printf0.o(i._sputc) for _sputc
    printf0.o(i.__0vfprintf$0) refers to printf0.o(i._printf_core) for _printf_core
    printf0.o(i.__0vfprintf$0) refers to fputc.o(i.fputc) for fputc
    printf0.o(i.__0vprintf$0) refers to printf0.o(i._printf_core) for _printf_core
    printf0.o(i.__0vprintf$0) refers to fputc.o(i.fputc) for fputc
    printf0.o(i.__0vprintf$0) refers to stdout.o(.data) for __stdout
    printf0.o(i.__0vsnprintf$0) refers to printf0.o(i._printf_core) for _printf_core
    printf0.o(i.__0vsnprintf$0) refers to printf0.o(i._snputc) for _snputc
    printf0.o(i.__0vsprintf$0) refers to printf0.o(i._printf_core) for _printf_core
    printf0.o(i.__0vsprintf$0) refers to printf0.o(i._sputc) for _sputc
    printf1.o(i.__0fprintf$1) refers to printf1.o(i._printf_core) for _printf_core
    printf1.o(i.__0fprintf$1) refers to fputc.o(i.fputc) for fputc
    printf1.o(i.__0printf$1) refers to printf1.o(i._printf_core) for _printf_core
    printf1.o(i.__0printf$1) refers to fputc.o(i.fputc) for fputc
    printf1.o(i.__0printf$1) refers to stdout.o(.data) for __stdout
    printf1.o(i.__0snprintf$1) refers to printf1.o(i._printf_core) for _printf_core
    printf1.o(i.__0snprintf$1) refers to printf1.o(i._snputc) for _snputc
    printf1.o(i.__0sprintf$1) refers to printf1.o(i._printf_core) for _printf_core
    printf1.o(i.__0sprintf$1) refers to printf1.o(i._sputc) for _sputc
    printf1.o(i.__0vfprintf$1) refers to printf1.o(i._printf_core) for _printf_core
    printf1.o(i.__0vfprintf$1) refers to fputc.o(i.fputc) for fputc
    printf1.o(i.__0vprintf$1) refers to printf1.o(i._printf_core) for _printf_core
    printf1.o(i.__0vprintf$1) refers to fputc.o(i.fputc) for fputc
    printf1.o(i.__0vprintf$1) refers to stdout.o(.data) for __stdout
    printf1.o(i.__0vsnprintf$1) refers to printf1.o(i._printf_core) for _printf_core
    printf1.o(i.__0vsnprintf$1) refers to printf1.o(i._snputc) for _snputc
    printf1.o(i.__0vsprintf$1) refers to printf1.o(i._printf_core) for _printf_core
    printf1.o(i.__0vsprintf$1) refers to printf1.o(i._sputc) for _sputc
    printf1.o(i._printf_core) refers to uidiv.o(.text) for __aeabi_uidivmod
    printf2.o(i.__0fprintf$2) refers to printf2.o(i._printf_core) for _printf_core
    printf2.o(i.__0fprintf$2) refers to fputc.o(i.fputc) for fputc
    printf2.o(i.__0printf$2) refers to printf2.o(i._printf_core) for _printf_core
    printf2.o(i.__0printf$2) refers to fputc.o(i.fputc) for fputc
    printf2.o(i.__0printf$2) refers to stdout.o(.data) for __stdout
    printf2.o(i.__0snprintf$2) refers to printf2.o(i._printf_core) for _printf_core
    printf2.o(i.__0snprintf$2) refers to printf2.o(i._snputc) for _snputc
    printf2.o(i.__0sprintf$2) refers to printf2.o(i._printf_core) for _printf_core
    printf2.o(i.__0sprintf$2) refers to printf2.o(i._sputc) for _sputc
    printf2.o(i.__0vfprintf$2) refers to printf2.o(i._printf_core) for _printf_core
    printf2.o(i.__0vfprintf$2) refers to fputc.o(i.fputc) for fputc
    printf2.o(i.__0vprintf$2) refers to printf2.o(i._printf_core) for _printf_core
    printf2.o(i.__0vprintf$2) refers to fputc.o(i.fputc) for fputc
    printf2.o(i.__0vprintf$2) refers to stdout.o(.data) for __stdout
    printf2.o(i.__0vsnprintf$2) refers to printf2.o(i._printf_core) for _printf_core
    printf2.o(i.__0vsnprintf$2) refers to printf2.o(i._snputc) for _snputc
    printf2.o(i.__0vsprintf$2) refers to printf2.o(i._printf_core) for _printf_core
    printf2.o(i.__0vsprintf$2) refers to printf2.o(i._sputc) for _sputc
    printf3.o(i.__0fprintf$3) refers to printf3.o(i._printf_core) for _printf_core
    printf3.o(i.__0fprintf$3) refers to fputc.o(i.fputc) for fputc
    printf3.o(i.__0printf$3) refers to printf3.o(i._printf_core) for _printf_core
    printf3.o(i.__0printf$3) refers to fputc.o(i.fputc) for fputc
    printf3.o(i.__0printf$3) refers to stdout.o(.data) for __stdout
    printf3.o(i.__0snprintf$3) refers to printf3.o(i._printf_core) for _printf_core
    printf3.o(i.__0snprintf$3) refers to printf3.o(i._snputc) for _snputc
    printf3.o(i.__0sprintf$3) refers to printf3.o(i._printf_core) for _printf_core
    printf3.o(i.__0sprintf$3) refers to printf3.o(i._sputc) for _sputc
    printf3.o(i.__0vfprintf$3) refers to printf3.o(i._printf_core) for _printf_core
    printf3.o(i.__0vfprintf$3) refers to fputc.o(i.fputc) for fputc
    printf3.o(i.__0vprintf$3) refers to printf3.o(i._printf_core) for _printf_core
    printf3.o(i.__0vprintf$3) refers to fputc.o(i.fputc) for fputc
    printf3.o(i.__0vprintf$3) refers to stdout.o(.data) for __stdout
    printf3.o(i.__0vsnprintf$3) refers to printf3.o(i._printf_core) for _printf_core
    printf3.o(i.__0vsnprintf$3) refers to printf3.o(i._snputc) for _snputc
    printf3.o(i.__0vsprintf$3) refers to printf3.o(i._printf_core) for _printf_core
    printf3.o(i.__0vsprintf$3) refers to printf3.o(i._sputc) for _sputc
    printf3.o(i._printf_core) refers to uidiv.o(.text) for __aeabi_uidivmod
    printf4.o(i.__0fprintf$4) refers to printf4.o(i._printf_core) for _printf_core
    printf4.o(i.__0fprintf$4) refers to fputc.o(i.fputc) for fputc
    printf4.o(i.__0printf$4) refers to printf4.o(i._printf_core) for _printf_core
    printf4.o(i.__0printf$4) refers to fputc.o(i.fputc) for fputc
    printf4.o(i.__0printf$4) refers to stdout.o(.data) for __stdout
    printf4.o(i.__0snprintf$4) refers to printf4.o(i._printf_core) for _printf_core
    printf4.o(i.__0snprintf$4) refers to printf4.o(i._snputc) for _snputc
    printf4.o(i.__0sprintf$4) refers to printf4.o(i._printf_core) for _printf_core
    printf4.o(i.__0sprintf$4) refers to printf4.o(i._sputc) for _sputc
    printf4.o(i.__0vfprintf$4) refers to printf4.o(i._printf_core) for _printf_core
    printf4.o(i.__0vfprintf$4) refers to fputc.o(i.fputc) for fputc
    printf4.o(i.__0vprintf$4) refers to printf4.o(i._printf_core) for _printf_core
    printf4.o(i.__0vprintf$4) refers to fputc.o(i.fputc) for fputc
    printf4.o(i.__0vprintf$4) refers to stdout.o(.data) for __stdout
    printf4.o(i.__0vsnprintf$4) refers to printf4.o(i._printf_core) for _printf_core
    printf4.o(i.__0vsnprintf$4) refers to printf4.o(i._snputc) for _snputc
    printf4.o(i.__0vsprintf$4) refers to printf4.o(i._printf_core) for _printf_core
    printf4.o(i.__0vsprintf$4) refers to printf4.o(i._sputc) for _sputc
    printf4.o(i._printf_core) refers to uldiv.o(.text) for __aeabi_uldivmod
    printf5.o(i.__0fprintf$5) refers to printf5.o(i._printf_core) for _printf_core
    printf5.o(i.__0fprintf$5) refers to fputc.o(i.fputc) for fputc
    printf5.o(i.__0printf$5) refers to printf5.o(i._printf_core) for _printf_core
    printf5.o(i.__0printf$5) refers to fputc.o(i.fputc) for fputc
    printf5.o(i.__0printf$5) refers to stdout.o(.data) for __stdout
    printf5.o(i.__0snprintf$5) refers to printf5.o(i._printf_core) for _printf_core
    printf5.o(i.__0snprintf$5) refers to printf5.o(i._snputc) for _snputc
    printf5.o(i.__0sprintf$5) refers to printf5.o(i._printf_core) for _printf_core
    printf5.o(i.__0sprintf$5) refers to printf5.o(i._sputc) for _sputc
    printf5.o(i.__0vfprintf$5) refers to printf5.o(i._printf_core) for _printf_core
    printf5.o(i.__0vfprintf$5) refers to fputc.o(i.fputc) for fputc
    printf5.o(i.__0vprintf$5) refers to printf5.o(i._printf_core) for _printf_core
    printf5.o(i.__0vprintf$5) refers to fputc.o(i.fputc) for fputc
    printf5.o(i.__0vprintf$5) refers to stdout.o(.data) for __stdout
    printf5.o(i.__0vsnprintf$5) refers to printf5.o(i._printf_core) for _printf_core
    printf5.o(i.__0vsnprintf$5) refers to printf5.o(i._snputc) for _snputc
    printf5.o(i.__0vsprintf$5) refers to printf5.o(i._printf_core) for _printf_core
    printf5.o(i.__0vsprintf$5) refers to printf5.o(i._sputc) for _sputc
    printf5.o(i._printf_core) refers to uldiv.o(.text) for __aeabi_uldivmod
    printf6.o(i.__0fprintf$6) refers to printf6.o(i._printf_core) for _printf_core
    printf6.o(i.__0fprintf$6) refers to fputc.o(i.fputc) for fputc
    printf6.o(i.__0printf$6) refers to printf6.o(i._printf_core) for _printf_core
    printf6.o(i.__0printf$6) refers to fputc.o(i.fputc) for fputc
    printf6.o(i.__0printf$6) refers to stdout.o(.data) for __stdout
    printf6.o(i.__0snprintf$6) refers to printf6.o(i._printf_core) for _printf_core
    printf6.o(i.__0snprintf$6) refers to printf6.o(i._snputc) for _snputc
    printf6.o(i.__0sprintf$6) refers to printf6.o(i._printf_core) for _printf_core
    printf6.o(i.__0sprintf$6) refers to printf6.o(i._sputc) for _sputc
    printf6.o(i.__0vfprintf$6) refers to printf6.o(i._printf_core) for _printf_core
    printf6.o(i.__0vfprintf$6) refers to fputc.o(i.fputc) for fputc
    printf6.o(i.__0vprintf$6) refers to printf6.o(i._printf_core) for _printf_core
    printf6.o(i.__0vprintf$6) refers to fputc.o(i.fputc) for fputc
    printf6.o(i.__0vprintf$6) refers to stdout.o(.data) for __stdout
    printf6.o(i.__0vsnprintf$6) refers to printf6.o(i._printf_core) for _printf_core
    printf6.o(i.__0vsnprintf$6) refers to printf6.o(i._snputc) for _snputc
    printf6.o(i.__0vsprintf$6) refers to printf6.o(i._printf_core) for _printf_core
    printf6.o(i.__0vsprintf$6) refers to printf6.o(i._sputc) for _sputc
    printf6.o(i._printf_core) refers to printf6.o(i._printf_pre_padding) for _printf_pre_padding
    printf6.o(i._printf_core) refers to printf6.o(i._printf_post_padding) for _printf_post_padding
    printf6.o(i._printf_core) refers to uidiv.o(.text) for __aeabi_uidivmod
    printf7.o(i.__0fprintf$7) refers to printf7.o(i._printf_core) for _printf_core
    printf7.o(i.__0fprintf$7) refers to fputc.o(i.fputc) for fputc
    printf7.o(i.__0printf$7) refers to printf7.o(i._printf_core) for _printf_core
    printf7.o(i.__0printf$7) refers to fputc.o(i.fputc) for fputc
    printf7.o(i.__0printf$7) refers to stdout.o(.data) for __stdout
    printf7.o(i.__0snprintf$7) refers to printf7.o(i._printf_core) for _printf_core
    printf7.o(i.__0snprintf$7) refers to printf7.o(i._snputc) for _snputc
    printf7.o(i.__0sprintf$7) refers to printf7.o(i._printf_core) for _printf_core
    printf7.o(i.__0sprintf$7) refers to printf7.o(i._sputc) for _sputc
    printf7.o(i.__0vfprintf$7) refers to printf7.o(i._printf_core) for _printf_core
    printf7.o(i.__0vfprintf$7) refers to fputc.o(i.fputc) for fputc
    printf7.o(i.__0vprintf$7) refers to printf7.o(i._printf_core) for _printf_core
    printf7.o(i.__0vprintf$7) refers to fputc.o(i.fputc) for fputc
    printf7.o(i.__0vprintf$7) refers to stdout.o(.data) for __stdout
    printf7.o(i.__0vsnprintf$7) refers to printf7.o(i._printf_core) for _printf_core
    printf7.o(i.__0vsnprintf$7) refers to printf7.o(i._snputc) for _snputc
    printf7.o(i.__0vsprintf$7) refers to printf7.o(i._printf_core) for _printf_core
    printf7.o(i.__0vsprintf$7) refers to printf7.o(i._sputc) for _sputc
    printf7.o(i._printf_core) refers to printf7.o(i._printf_pre_padding) for _printf_pre_padding
    printf7.o(i._printf_core) refers to printf7.o(i._printf_post_padding) for _printf_post_padding
    printf7.o(i._printf_core) refers to uldiv.o(.text) for __aeabi_uldivmod
    printf8.o(i.__0fprintf$8) refers to printf8.o(i._printf_core) for _printf_core
    printf8.o(i.__0fprintf$8) refers to fputc.o(i.fputc) for fputc
    printf8.o(i.__0printf$8) refers to printf8.o(i._printf_core) for _printf_core
    printf8.o(i.__0printf$8) refers to fputc.o(i.fputc) for fputc
    printf8.o(i.__0printf$8) refers to stdout.o(.data) for __stdout
    printf8.o(i.__0snprintf$8) refers to printf8.o(i._printf_core) for _printf_core
    printf8.o(i.__0snprintf$8) refers to printf8.o(i._snputc) for _snputc
    printf8.o(i.__0sprintf$8) refers to printf8.o(i._printf_core) for _printf_core
    printf8.o(i.__0sprintf$8) refers to printf8.o(i._sputc) for _sputc
    printf8.o(i.__0vfprintf$8) refers to printf8.o(i._printf_core) for _printf_core
    printf8.o(i.__0vfprintf$8) refers to fputc.o(i.fputc) for fputc
    printf8.o(i.__0vprintf$8) refers to printf8.o(i._printf_core) for _printf_core
    printf8.o(i.__0vprintf$8) refers to fputc.o(i.fputc) for fputc
    printf8.o(i.__0vprintf$8) refers to stdout.o(.data) for __stdout
    printf8.o(i.__0vsnprintf$8) refers to printf8.o(i._printf_core) for _printf_core
    printf8.o(i.__0vsnprintf$8) refers to printf8.o(i._snputc) for _snputc
    printf8.o(i.__0vsprintf$8) refers to printf8.o(i._printf_core) for _printf_core
    printf8.o(i.__0vsprintf$8) refers to printf8.o(i._sputc) for _sputc
    printf8.o(i._printf_core) refers to printf8.o(i._printf_pre_padding) for _printf_pre_padding
    printf8.o(i._printf_core) refers to printf8.o(i._printf_post_padding) for _printf_post_padding
    printf8.o(i._printf_core) refers to uldiv.o(.text) for __aeabi_uldivmod
    printfa.o(i.__0fprintf) refers (Special) to iusefp.o(.text) for __I$use$fp
    printfa.o(i.__0fprintf) refers to printfa.o(i._printf_core) for _printf_core
    printfa.o(i.__0fprintf) refers to fputc.o(i.fputc) for fputc
    printfa.o(i.__0printf) refers (Special) to iusefp.o(.text) for __I$use$fp
    printfa.o(i.__0printf) refers to printfa.o(i._printf_core) for _printf_core
    printfa.o(i.__0printf) refers to fputc.o(i.fputc) for fputc
    printfa.o(i.__0printf) refers to stdout.o(.data) for __stdout
    printfa.o(i.__0snprintf) refers (Special) to iusefp.o(.text) for __I$use$fp
    printfa.o(i.__0snprintf) refers to printfa.o(i._printf_core) for _printf_core
    printfa.o(i.__0snprintf) refers to printfa.o(i._snputc) for _snputc
    printfa.o(i.__0sprintf) refers (Special) to iusefp.o(.text) for __I$use$fp
    printfa.o(i.__0sprintf) refers to printfa.o(i._printf_core) for _printf_core
    printfa.o(i.__0sprintf) refers to printfa.o(i._sputc) for _sputc
    printfa.o(i.__0vfprintf) refers (Special) to iusefp.o(.text) for __I$use$fp
    printfa.o(i.__0vfprintf) refers to printfa.o(i._printf_core) for _printf_core
    printfa.o(i.__0vfprintf) refers to fputc.o(i.fputc) for fputc
    printfa.o(i.__0vprintf) refers (Special) to iusefp.o(.text) for __I$use$fp
    printfa.o(i.__0vprintf) refers to printfa.o(i._printf_core) for _printf_core
    printfa.o(i.__0vprintf) refers to fputc.o(i.fputc) for fputc
    printfa.o(i.__0vprintf) refers to stdout.o(.data) for __stdout
    printfa.o(i.__0vsnprintf) refers (Special) to iusefp.o(.text) for __I$use$fp
    printfa.o(i.__0vsnprintf) refers to printfa.o(i._printf_core) for _printf_core
    printfa.o(i.__0vsnprintf) refers to printfa.o(i._snputc) for _snputc
    printfa.o(i.__0vsprintf) refers (Special) to iusefp.o(.text) for __I$use$fp
    printfa.o(i.__0vsprintf) refers to printfa.o(i._printf_core) for _printf_core
    printfa.o(i.__0vsprintf) refers to printfa.o(i._sputc) for _sputc
    printfa.o(i._fp_digits) refers (Special) to iusefp.o(.text) for __I$use$fp
    printfa.o(i._fp_digits) refers to dmul.o(.text) for __aeabi_dmul
    printfa.o(i._fp_digits) refers to ddiv.o(.text) for __aeabi_ddiv
    printfa.o(i._fp_digits) refers to cdrcmple.o(.text) for __aeabi_cdrcmple
    printfa.o(i._fp_digits) refers to dadd.o(.text) for __aeabi_dadd
    printfa.o(i._fp_digits) refers to dfixul.o(.text) for __aeabi_d2ulz
    printfa.o(i._fp_digits) refers to uldiv.o(.text) for __aeabi_uldivmod
    printfa.o(i._printf_core) refers (Special) to iusefp.o(.text) for __I$use$fp
    printfa.o(i._printf_core) refers to printfa.o(i._printf_pre_padding) for _printf_pre_padding
    printfa.o(i._printf_core) refers to uldiv.o(.text) for __aeabi_uldivmod
    printfa.o(i._printf_core) refers to printfa.o(i._printf_post_padding) for _printf_post_padding
    printfa.o(i._printf_core) refers to printfa.o(i._fp_digits) for _fp_digits
    printfa.o(i._printf_core) refers to uidiv.o(.text) for __aeabi_uidivmod
    printfa.o(i._printf_post_padding) refers (Special) to iusefp.o(.text) for __I$use$fp
    printfa.o(i._printf_pre_padding) refers (Special) to iusefp.o(.text) for __I$use$fp
    printfa.o(i._snputc) refers (Special) to iusefp.o(.text) for __I$use$fp
    printfa.o(i._sputc) refers (Special) to iusefp.o(.text) for __I$use$fp
    entry2.o(.ARM.Collect$$$$00000001) refers to entry2.o(.ARM.Collect$$$$00002712) for __lit__00000000
    entry2.o(.ARM.Collect$$$$00002712) refers to startup_py32f002xx.o(STACK) for __initial_sp
    entry2.o(__vectab_stack_and_reset_area) refers to startup_py32f002xx.o(STACK) for __initial_sp
    entry2.o(__vectab_stack_and_reset_area) refers to entry.o(.ARM.Collect$$$$00000000) for __main
    entry5.o(.ARM.Collect$$$$00000004) refers to init.o(.text) for __scatterload
    entry9a.o(.ARM.Collect$$$$0000000B) refers to system_py32f0xx.o(i.$Sub$$main) for main
    entry9b.o(.ARM.Collect$$$$0000000C) refers to system_py32f0xx.o(i.$Sub$$main) for main
    fputc.o(i.fputc) refers (Special) to iusesemip.o(.text) for __I$use$semihosting$fputc
    fputc.o(i.fputc) refers (Special) to semi.o(.text) for __semihosting_library_function
    uldiv.o(.text) refers to llushr.o(.text) for __aeabi_llsr
    uldiv.o(.text) refers to llshl.o(.text) for __aeabi_llsl
    dadd.o(.text) refers to llshl.o(.text) for __aeabi_llsl
    dadd.o(.text) refers to llsshr.o(.text) for __aeabi_lasr
    dadd.o(.text) refers to depilogue.o(.text) for _double_epilogue
    dmul.o(.text) refers to depilogue.o(.text) for _double_epilogue
    ddiv.o(.text) refers to depilogue.o(.text) for _double_round
    dfixul.o(.text) refers to llushr.o(.text) for __aeabi_llsr
    dfixul.o(.text) refers to llshl.o(.text) for __aeabi_llsl
    init.o(.text) refers to entry5.o(.ARM.Collect$$$$00000004) for __main_after_scatterload
    depilogue.o(.text) refers to depilogue.o(i.__ARM_clz) for __ARM_clz
    depilogue.o(.text) refers to llshl.o(.text) for __aeabi_llsl
    depilogue.o(.text) refers to llushr.o(.text) for __aeabi_llsr


==============================================================================

Removing Unused input sections from the image.

    Removing system_py32f0xx.o(.rev16_text), (4 bytes).
    Removing system_py32f0xx.o(.revsh_text), (4 bytes).
    Removing system_py32f0xx.o(i.SystemCoreClockUpdate), (140 bytes).
    Removing system_py32f0xx.o(.constdata), (128 bytes).
    Removing startup_py32f002xx.o(HEAP), (0 bytes).
    Removing main.o(.rev16_text), (4 bytes).
    Removing main.o(.revsh_text), (4 bytes).
    Removing main.o(i.Error_Handler), (4 bytes).
    Removing main.o(.constdata), (35 bytes).
    Removing py32f0xx_it.o(.rev16_text), (4 bytes).
    Removing py32f0xx_it.o(.revsh_text), (4 bytes).
    Removing py32f0xx_it.o(.constdata), (35 bytes).
    Removing py32f0xx_ll_gpio.o(.rev16_text), (4 bytes).
    Removing py32f0xx_ll_gpio.o(.revsh_text), (4 bytes).
    Removing py32f0xx_ll_gpio.o(i.LL_GPIO_DeInit), (84 bytes).
    Removing py32f0xx_ll_gpio.o(i.LL_GPIO_StructInit), (24 bytes).
    Removing py32f0xx_ll_gpio.o(i.LL_IOP_GRP1_ForceReset), (16 bytes).
    Removing py32f0xx_ll_gpio.o(i.LL_IOP_GRP1_ReleaseReset), (16 bytes).
    Removing py32f0xx_ll_tim.o(.rev16_text), (4 bytes).
    Removing py32f0xx_ll_tim.o(.revsh_text), (4 bytes).
    Removing py32f0xx_ll_tim.o(i.IC1Config), (54 bytes).
    Removing py32f0xx_ll_tim.o(i.IC2Config), (58 bytes).
    Removing py32f0xx_ll_tim.o(i.IC3Config), (62 bytes).
    Removing py32f0xx_ll_tim.o(i.IC4Config), (64 bytes).
    Removing py32f0xx_ll_tim.o(i.LL_APB1_GRP2_ForceReset), (16 bytes).
    Removing py32f0xx_ll_tim.o(i.LL_APB1_GRP2_ReleaseReset), (16 bytes).
    Removing py32f0xx_ll_tim.o(i.LL_TIM_BDTR_Init), (114 bytes).
    Removing py32f0xx_ll_tim.o(i.LL_TIM_BDTR_StructInit), (18 bytes).
    Removing py32f0xx_ll_tim.o(i.LL_TIM_DeInit), (64 bytes).
    Removing py32f0xx_ll_tim.o(i.LL_TIM_ENCODER_Init), (110 bytes).
    Removing py32f0xx_ll_tim.o(i.LL_TIM_ENCODER_StructInit), (36 bytes).
    Removing py32f0xx_ll_tim.o(i.LL_TIM_HALLSENSOR_Init), (142 bytes).
    Removing py32f0xx_ll_tim.o(i.LL_TIM_HALLSENSOR_StructInit), (12 bytes).
    Removing py32f0xx_ll_tim.o(i.LL_TIM_IC_Init), (92 bytes).
    Removing py32f0xx_ll_tim.o(i.LL_TIM_IC_StructInit), (18 bytes).
    Removing py32f0xx_ll_tim.o(i.LL_TIM_OC_Init), (92 bytes).
    Removing py32f0xx_ll_tim.o(i.LL_TIM_OC_SetCompareCH2), (4 bytes).
    Removing py32f0xx_ll_tim.o(i.LL_TIM_OC_StructInit), (20 bytes).
    Removing py32f0xx_ll_tim.o(i.LL_TIM_StructInit), (18 bytes).
    Removing py32f0xx_ll_tim.o(i.OC1Config), (152 bytes).
    Removing py32f0xx_ll_tim.o(i.OC2Config), (176 bytes).
    Removing py32f0xx_ll_tim.o(i.OC3Config), (168 bytes).
    Removing py32f0xx_ll_tim.o(i.OC4Config), (132 bytes).
    Removing py32f0xx_ll_tim.o(.constdata), (35 bytes).
    Removing py32f0xx_ll_exti.o(.rev16_text), (4 bytes).
    Removing py32f0xx_ll_exti.o(.revsh_text), (4 bytes).
    Removing py32f0xx_ll_exti.o(i.LL_EXTI_DeInit), (40 bytes).
    Removing py32f0xx_ll_exti.o(i.LL_EXTI_DisableEvent), (16 bytes).
    Removing py32f0xx_ll_exti.o(i.LL_EXTI_DisableIT), (16 bytes).
    Removing py32f0xx_ll_exti.o(i.LL_EXTI_EnableEvent), (16 bytes).
    Removing py32f0xx_ll_exti.o(i.LL_EXTI_EnableFallingTrig), (16 bytes).
    Removing py32f0xx_ll_exti.o(i.LL_EXTI_EnableIT), (16 bytes).
    Removing py32f0xx_ll_exti.o(i.LL_EXTI_EnableRisingTrig), (16 bytes).
    Removing py32f0xx_ll_exti.o(i.LL_EXTI_Init), (192 bytes).
    Removing py32f0xx_ll_exti.o(i.LL_EXTI_StructInit), (14 bytes).
    Removing py32f0xx_ll_rcc.o(.rev16_text), (4 bytes).
    Removing py32f0xx_ll_rcc.o(.revsh_text), (4 bytes).
    Removing py32f0xx_ll_rcc.o(i.LL_RCC_DeInit), (132 bytes).
    Removing py32f0xx_ll_rcc.o(i.LL_RCC_GetLPTIMClockFreq), (92 bytes).
    Removing py32f0xx_ll_rcc.o(i.LL_RCC_GetMCOClockFreq), (180 bytes).
    Removing py32f0xx_ll_rcc.o(i.LL_RCC_GetSysClkSource), (16 bytes).
    Removing py32f0xx_ll_rcc.o(i.LL_RCC_GetSystemClocksFreq), (28 bytes).
    Removing py32f0xx_ll_rcc.o(i.LL_RCC_HSE_IsReady), (20 bytes).
    Removing py32f0xx_ll_rcc.o(i.LL_RCC_LSI_IsReady), (16 bytes).
    Removing py32f0xx_ll_rcc.o(i.RCC_GetHCLKClockFreq), (44 bytes).
    Removing py32f0xx_ll_rcc.o(i.RCC_GetPCLK1ClockFreq), (40 bytes).
    Removing py32f0xx_ll_rcc.o(i.RCC_GetSystemClockFreq), (100 bytes).
    Removing py32f0xx_ll_pwr.o(.rev16_text), (4 bytes).
    Removing py32f0xx_ll_pwr.o(.revsh_text), (4 bytes).
    Removing py32f0xx_ll_pwr.o(i.LL_PWR_DeInit), (36 bytes).
    Removing py32f0xx_ll_utils.o(.rev16_text), (4 bytes).
    Removing py32f0xx_ll_utils.o(.revsh_text), (4 bytes).
    Removing py32f0xx_ll_utils.o(i.LL_SetFlashLatency), (100 bytes).
    Removing py32f0xx_ll_utils.o(i.LL_mDelay), (52 bytes).
    Removing oled091.o(.rev16_text), (4 bytes).
    Removing oled091.o(.revsh_text), (4 bytes).
    Removing oled091.o(i.OLED_Display_Off), (28 bytes).
    Removing oled091.o(i.OLED_Display_On), (28 bytes).
    Removing oled091.o(i.OLED_DrawBMP), (116 bytes).
    Removing oled091.o(i.OLED_On), (64 bytes).
    Removing oled091.o(i.OLED_ShowCHinese), (96 bytes).
    Removing oled091.o(i.OLED_ShowNum), (146 bytes).
    Removing oled091.o(i.oled_pow), (26 bytes).
    Removing oled091.o(.data), (320 bytes).
    Removing t_iic.o(i._iic_ack), (40 bytes).
    Removing t_iic.o(i._iic_no_ack), (40 bytes).
    Removing t_iic.o(i._iic_read_byte), (116 bytes).
    Removing dadd.o(.text), (356 bytes).
    Removing dmul.o(.text), (208 bytes).
    Removing ddiv.o(.text), (240 bytes).
    Removing dfixul.o(.text), (64 bytes).
    Removing cdrcmple.o(.text), (40 bytes).
    Removing depilogue.o(.text), (190 bytes).
    Removing depilogue.o(i.__ARM_clz), (46 bytes).

94 unused section(s) (total 5597 bytes) removed from the image.

==============================================================================

Image Symbol Table

    Local Symbols

    Symbol Name                              Value     Ov Type        Size  Object(Section)

    ../clib/microlib/division.c              0x00000000   Number         0  uldiv.o ABSOLUTE
    ../clib/microlib/division.c              0x00000000   Number         0  uidiv.o ABSOLUTE
    ../clib/microlib/init/entry.s            0x00000000   Number         0  entry9b.o ABSOLUTE
    ../clib/microlib/init/entry.s            0x00000000   Number         0  entry8b.o ABSOLUTE
    ../clib/microlib/init/entry.s            0x00000000   Number         0  entry7b.o ABSOLUTE
    ../clib/microlib/init/entry.s            0x00000000   Number         0  entry8a.o ABSOLUTE
    ../clib/microlib/init/entry.s            0x00000000   Number         0  entry11a.o ABSOLUTE
    ../clib/microlib/init/entry.s            0x00000000   Number         0  entry7a.o ABSOLUTE
    ../clib/microlib/init/entry.s            0x00000000   Number         0  entry11b.o ABSOLUTE
    ../clib/microlib/init/entry.s            0x00000000   Number         0  entry10b.o ABSOLUTE
    ../clib/microlib/init/entry.s            0x00000000   Number         0  entry5.o ABSOLUTE
    ../clib/microlib/init/entry.s            0x00000000   Number         0  entry10a.o ABSOLUTE
    ../clib/microlib/init/entry.s            0x00000000   Number         0  entry2.o ABSOLUTE
    ../clib/microlib/init/entry.s            0x00000000   Number         0  entry9a.o ABSOLUTE
    ../clib/microlib/init/entry.s            0x00000000   Number         0  entry.o ABSOLUTE
    ../clib/microlib/longlong.c              0x00000000   Number         0  llushr.o ABSOLUTE
    ../clib/microlib/longlong.c              0x00000000   Number         0  llsshr.o ABSOLUTE
    ../clib/microlib/longlong.c              0x00000000   Number         0  llshl.o ABSOLUTE
    ../clib/microlib/printf/printf.c         0x00000000   Number         0  printf6.o ABSOLUTE
    ../clib/microlib/printf/printf.c         0x00000000   Number         0  printf7.o ABSOLUTE
    ../clib/microlib/printf/printf.c         0x00000000   Number         0  printf8.o ABSOLUTE
    ../clib/microlib/printf/printf.c         0x00000000   Number         0  printfa.o ABSOLUTE
    ../clib/microlib/printf/printf.c         0x00000000   Number         0  printf1.o ABSOLUTE
    ../clib/microlib/printf/printf.c         0x00000000   Number         0  printfb.o ABSOLUTE
    ../clib/microlib/printf/printf.c         0x00000000   Number         0  printf0.o ABSOLUTE
    ../clib/microlib/printf/printf.c         0x00000000   Number         0  printf2.o ABSOLUTE
    ../clib/microlib/printf/printf.c         0x00000000   Number         0  printf3.o ABSOLUTE
    ../clib/microlib/printf/printf.c         0x00000000   Number         0  printf4.o ABSOLUTE
    ../clib/microlib/printf/printf.c         0x00000000   Number         0  printf5.o ABSOLUTE
    ../clib/microlib/printf/stubs.s          0x00000000   Number         0  stubs.o ABSOLUTE
    ../clib/microlib/stdio/fputc.c           0x00000000   Number         0  fputc.o ABSOLUTE
    ../clib/microlib/stdio/semi.s            0x00000000   Number         0  semi.o ABSOLUTE
    ../clib/microlib/stdio/streams.c         0x00000000   Number         0  stdout.o ABSOLUTE
    ../clib/microlib/string/memset.c         0x00000000   Number         0  memseta.o ABSOLUTE
    ../clib/microlib/stubs.s                 0x00000000   Number         0  iusefp.o ABSOLUTE
    ../clib/microlib/stubs.s                 0x00000000   Number         0  iusesemip.o ABSOLUTE
    ../fplib/microlib/fpadd.c                0x00000000   Number         0  dadd.o ABSOLUTE
    ../fplib/microlib/fpdiv.c                0x00000000   Number         0  ddiv.o ABSOLUTE
    ../fplib/microlib/fpepilogue.c           0x00000000   Number         0  depilogue.o ABSOLUTE
    ../fplib/microlib/fpfix.c                0x00000000   Number         0  dfixul.o ABSOLUTE
    ../fplib/microlib/fpmul.c                0x00000000   Number         0  dmul.o ABSOLUTE
    ..\Drivers\PY32F0xx_HAL_Driver\Src\py32f0xx_ll_exti.c 0x00000000   Number         0  py32f0xx_ll_exti.o ABSOLUTE
    ..\Drivers\PY32F0xx_HAL_Driver\Src\py32f0xx_ll_gpio.c 0x00000000   Number         0  py32f0xx_ll_gpio.o ABSOLUTE
    ..\Drivers\PY32F0xx_HAL_Driver\Src\py32f0xx_ll_pwr.c 0x00000000   Number         0  py32f0xx_ll_pwr.o ABSOLUTE
    ..\Drivers\PY32F0xx_HAL_Driver\Src\py32f0xx_ll_rcc.c 0x00000000   Number         0  py32f0xx_ll_rcc.o ABSOLUTE
    ..\Drivers\PY32F0xx_HAL_Driver\Src\py32f0xx_ll_tim.c 0x00000000   Number         0  py32f0xx_ll_tim.o ABSOLUTE
    ..\Drivers\PY32F0xx_HAL_Driver\Src\py32f0xx_ll_utils.c 0x00000000   Number         0  py32f0xx_ll_utils.o ABSOLUTE
    ..\Src\main.c                            0x00000000   Number         0  main.o ABSOLUTE
    ..\Src\oled091.c                         0x00000000   Number         0  oled091.o ABSOLUTE
    ..\Src\py32f0xx_it.c                     0x00000000   Number         0  py32f0xx_it.o ABSOLUTE
    ..\Src\system_py32f0xx.c                 0x00000000   Number         0  system_py32f0xx.o ABSOLUTE
    ..\Src\t_iic.c                           0x00000000   Number         0  t_iic.o ABSOLUTE
    ..\\Drivers\\PY32F0xx_HAL_Driver\\Src\\py32f0xx_ll_exti.c 0x00000000   Number         0  py32f0xx_ll_exti.o ABSOLUTE
    ..\\Drivers\\PY32F0xx_HAL_Driver\\Src\\py32f0xx_ll_gpio.c 0x00000000   Number         0  py32f0xx_ll_gpio.o ABSOLUTE
    ..\\Drivers\\PY32F0xx_HAL_Driver\\Src\\py32f0xx_ll_pwr.c 0x00000000   Number         0  py32f0xx_ll_pwr.o ABSOLUTE
    ..\\Drivers\\PY32F0xx_HAL_Driver\\Src\\py32f0xx_ll_rcc.c 0x00000000   Number         0  py32f0xx_ll_rcc.o ABSOLUTE
    ..\\Drivers\\PY32F0xx_HAL_Driver\\Src\\py32f0xx_ll_tim.c 0x00000000   Number         0  py32f0xx_ll_tim.o ABSOLUTE
    ..\\Drivers\\PY32F0xx_HAL_Driver\\Src\\py32f0xx_ll_utils.c 0x00000000   Number         0  py32f0xx_ll_utils.o ABSOLUTE
    ..\\Src\\main.c                          0x00000000   Number         0  main.o ABSOLUTE
    ..\\Src\\oled091.c                       0x00000000   Number         0  oled091.o ABSOLUTE
    ..\\Src\\py32f0xx_it.c                   0x00000000   Number         0  py32f0xx_it.o ABSOLUTE
    ..\\Src\\system_py32f0xx.c               0x00000000   Number         0  system_py32f0xx.o ABSOLUTE
    cdrcmple.s                               0x00000000   Number         0  cdrcmple.o ABSOLUTE
    dc.s                                     0x00000000   Number         0  dc.o ABSOLUTE
    handlers.s                               0x00000000   Number         0  handlers.o ABSOLUTE
    init.s                                   0x00000000   Number         0  init.o ABSOLUTE
    startup_py32f002xx.s                     0x00000000   Number         0  startup_py32f002xx.o ABSOLUTE
    RESET                                    0x08000000   Section      192  startup_py32f002xx.o(RESET)
    .ARM.Collect$$$$00000000                 0x080000c0   Section        0  entry.o(.ARM.Collect$$$$00000000)
    .ARM.Collect$$$$00000001                 0x080000c0   Section        4  entry2.o(.ARM.Collect$$$$00000001)
    .ARM.Collect$$$$00000004                 0x080000c4   Section        4  entry5.o(.ARM.Collect$$$$00000004)
    .ARM.Collect$$$$00000008                 0x080000c8   Section        0  entry7b.o(.ARM.Collect$$$$00000008)
    .ARM.Collect$$$$0000000A                 0x080000c8   Section        0  entry8b.o(.ARM.Collect$$$$0000000A)
    .ARM.Collect$$$$0000000B                 0x080000c8   Section        8  entry9a.o(.ARM.Collect$$$$0000000B)
    .ARM.Collect$$$$0000000D                 0x080000d0   Section        0  entry10a.o(.ARM.Collect$$$$0000000D)
    .ARM.Collect$$$$0000000F                 0x080000d0   Section        0  entry11a.o(.ARM.Collect$$$$0000000F)
    .ARM.Collect$$$$00002712                 0x080000d0   Section        4  entry2.o(.ARM.Collect$$$$00002712)
    __lit__00000000                          0x080000d0   Data           4  entry2.o(.ARM.Collect$$$$00002712)
    .text                                    0x080000d4   Section       28  startup_py32f002xx.o(.text)
    .text                                    0x080000f0   Section        0  uidiv.o(.text)
    .text                                    0x0800011c   Section        0  memseta.o(.text)
    .text                                    0x08000140   Section       36  init.o(.text)
    i.$Sub$$main                             0x08000164   Section        0  system_py32f0xx.o(i.$Sub$$main)
    i.APP_ConfigTIM1                         0x08000198   Section        0  main.o(i.APP_ConfigTIM1)
    i.APP_IOPortInit                         0x0800023c   Section        0  main.o(i.APP_IOPortInit)
    i.APP_SystemClockConfig                  0x08000294   Section        0  main.o(i.APP_SystemClockConfig)
    i.APP_SystemInit                         0x08000380   Section        0  main.o(i.APP_SystemInit)
    i.EXTI0_1_IRQHandler                     0x08000390   Section        0  py32f0xx_it.o(i.EXTI0_1_IRQHandler)
    i.EXTI4_15_IRQHandler                    0x080003a2   Section        0  py32f0xx_it.o(i.EXTI4_15_IRQHandler)
    i.HardFault_Handler                      0x080003b4   Section        0  py32f0xx_it.o(i.HardFault_Handler)
    i.LL_EXTI_ClearFlag                      0x080003b8   Section        0  py32f0xx_it.o(i.LL_EXTI_ClearFlag)
    LL_EXTI_ClearFlag                        0x080003b9   Thumb Code     6  py32f0xx_it.o(i.LL_EXTI_ClearFlag)
    i.LL_EXTI_ReadFlag                       0x080003c4   Section        0  py32f0xx_it.o(i.LL_EXTI_ReadFlag)
    LL_EXTI_ReadFlag                         0x080003c5   Thumb Code    10  py32f0xx_it.o(i.LL_EXTI_ReadFlag)
    i.LL_GPIO_Init                           0x080003d4   Section        0  py32f0xx_ll_gpio.o(i.LL_GPIO_Init)
    i.LL_GPIO_ResetOutputPin                 0x080004ce   Section        0  oled091.o(i.LL_GPIO_ResetOutputPin)
    LL_GPIO_ResetOutputPin                   0x080004cf   Thumb Code     4  oled091.o(i.LL_GPIO_ResetOutputPin)
    i.LL_GPIO_SetOutputPin                   0x080004d2   Section        0  main.o(i.LL_GPIO_SetOutputPin)
    LL_GPIO_SetOutputPin                     0x080004d3   Thumb Code     4  main.o(i.LL_GPIO_SetOutputPin)
    i.LL_GPIO_SetOutputPin                   0x080004d6   Section        0  oled091.o(i.LL_GPIO_SetOutputPin)
    LL_GPIO_SetOutputPin                     0x080004d7   Thumb Code     4  oled091.o(i.LL_GPIO_SetOutputPin)
    i.LL_Init1msTick                         0x080004dc   Section        0  py32f0xx_ll_utils.o(i.LL_Init1msTick)
    i.LL_SetSystemCoreClock                  0x08000504   Section        0  py32f0xx_ll_utils.o(i.LL_SetSystemCoreClock)
    i.LL_TIM_Init                            0x08000510   Section        0  py32f0xx_ll_tim.o(i.LL_TIM_Init)
    i.LL_TIM_IsEnabledIT_UPDATE              0x0800057c   Section        0  py32f0xx_it.o(i.LL_TIM_IsEnabledIT_UPDATE)
    LL_TIM_IsEnabledIT_UPDATE                0x0800057d   Thumb Code    16  py32f0xx_it.o(i.LL_TIM_IsEnabledIT_UPDATE)
    i.LPTIM1_IRQHandler                      0x0800058c   Section        0  py32f0xx_it.o(i.LPTIM1_IRQHandler)
    i.NMI_Handler                            0x080005b4   Section        0  py32f0xx_it.o(i.NMI_Handler)
    i.NVIC_SetPriority                       0x080005b8   Section        0  main.o(i.NVIC_SetPriority)
    NVIC_SetPriority                         0x080005b9   Thumb Code   110  main.o(i.NVIC_SetPriority)
    i.OLED_Clear                             0x08000630   Section        0  oled091.o(i.OLED_Clear)
    i.OLED_Init                              0x08000670   Section        0  oled091.o(i.OLED_Init)
    i.OLED_Set_Pos                           0x08000762   Section        0  oled091.o(i.OLED_Set_Pos)
    i.OLED_ShowChar                          0x08000790   Section        0  oled091.o(i.OLED_ShowChar)
    i.OLED_ShowString                        0x08000914   Section        0  oled091.o(i.OLED_ShowString)
    i.OsTimeTaskCB                           0x0800095c   Section        0  main.o(i.OsTimeTaskCB)
    i.PendSV_Handler                         0x08000a20   Section        0  py32f0xx_it.o(i.PendSV_Handler)
    i.SVC_Handler                            0x08000a22   Section        0  py32f0xx_it.o(i.SVC_Handler)
    i.SysTick_Handler                        0x08000a24   Section        0  py32f0xx_it.o(i.SysTick_Handler)
    i.SystemInit                             0x08000a2c   Section        0  system_py32f0xx.o(i.SystemInit)
    i.TIM16_IRQHandler                       0x08000a58   Section        0  py32f0xx_it.o(i.TIM16_IRQHandler)
    i.TIM1_BRK_UP_TRG_COM_IRQHandler         0x08000a84   Section        0  py32f0xx_it.o(i.TIM1_BRK_UP_TRG_COM_IRQHandler)
    i.__0sprintf$6                           0x08000ab0   Section        0  printf6.o(i.__0sprintf$6)
    i.__scatterload_copy                     0x08000ad8   Section       14  handlers.o(i.__scatterload_copy)
    i.__scatterload_null                     0x08000ae6   Section        2  handlers.o(i.__scatterload_null)
    i.__scatterload_zeroinit                 0x08000ae8   Section       14  handlers.o(i.__scatterload_zeroinit)
    i._iic_send_byte                         0x08000af6   Section        0  t_iic.o(i._iic_send_byte)
    i._iic_start                             0x08000b3a   Section        0  t_iic.o(i._iic_start)
    i._iic_stop                              0x08000b62   Section        0  t_iic.o(i._iic_stop)
    i._iic_wait_slave_ack                    0x08000b82   Section        0  t_iic.o(i._iic_wait_slave_ack)
    i._printf_core                           0x08000bc4   Section        0  printf6.o(i._printf_core)
    _printf_core                             0x08000bc5   Thumb Code   768  printf6.o(i._printf_core)
    i._printf_post_padding                   0x08000ec8   Section        0  printf6.o(i._printf_post_padding)
    _printf_post_padding                     0x08000ec9   Thumb Code    32  printf6.o(i._printf_post_padding)
    i._printf_pre_padding                    0x08000ee8   Section        0  printf6.o(i._printf_pre_padding)
    _printf_pre_padding                      0x08000ee9   Thumb Code    44  printf6.o(i._printf_pre_padding)
    i._sputc                                 0x08000f14   Section        0  printf6.o(i._sputc)
    _sputc                                   0x08000f15   Thumb Code    10  printf6.o(i._sputc)
    i.delay_ms                               0x08000f20   Section        0  main.o(i.delay_ms)
    i.delay_us                               0x08000f34   Section        0  main.o(i.delay_us)
    i.main                                   0x08000f70   Section        0  main.o(i.main)
    i.oled091_Write_Byte                     0x0800102c   Section        0  oled091.o(i.oled091_Write_Byte)
    i.oled091_delay                          0x080018c8   Section        0  oled091.o(i.oled091_delay)
    i.oled091_init                           0x080018d4   Section        0  oled091.o(i.oled091_init)
    i.oled091_scl_high                       0x080019a8   Section        0  oled091.o(i.oled091_scl_high)
    i.oled091_scl_low                        0x080019b8   Section        0  oled091.o(i.oled091_scl_low)
    i.oled091_sda_high                       0x080019c8   Section        0  oled091.o(i.oled091_sda_high)
    i.oled091_sda_in                         0x080019d6   Section        0  oled091.o(i.oled091_sda_in)
    i.oled091_sda_low                        0x080019f4   Section        0  oled091.o(i.oled091_sda_low)
    i.oled091_sda_out                        0x08001a02   Section        0  oled091.o(i.oled091_sda_out)
    i.oled091_sda_read                       0x08001a28   Section        0  oled091.o(i.oled091_sda_read)
    .constdata                               0x08001a40   Section     3067  oled091.o(.constdata)
    OFFSET_TAB_CCMRx                         0x08002618   Data           7  oled091.o(.constdata)
    SHIFT_TAB_OCxx                           0x0800261f   Data           7  oled091.o(.constdata)
    SHIFT_TAB_ICxx                           0x08002626   Data           7  oled091.o(.constdata)
    SHIFT_TAB_CCxP                           0x0800262d   Data           7  oled091.o(.constdata)
    SHIFT_TAB_OISx                           0x08002634   Data           7  oled091.o(.constdata)
    .ARM.__at_0x20000000                     0x20000000   Section      192  system_py32f0xx.o(.ARM.__at_0x20000000)
    .data                                    0x200000c0   Section        4  system_py32f0xx.o(.data)
    .data                                    0x200000c4   Section       10  main.o(.data)
    .bss                                     0x200000d0   Section       32  oled091.o(.bss)
    STACK                                    0x200000f0   Section     1024  startup_py32f002xx.o(STACK)

    Global Symbols

    Symbol Name                              Value     Ov Type        Size  Object(Section)

    BuildAttributes$$THM_ISAv3M$S$PE$A:L22$X:L11$S22$IEEE1$IW$USESV6$~STKCKD$USESV7$~SHL$OSPACE$ROPI$EBA8$MICROLIB$REQ8$PRES8$EABIv2 0x00000000   Number         0  anon$$obj.o ABSOLUTE
    __ARM_use_no_argv                        0x00000000   Number         0  main.o ABSOLUTE
    _printf_a                                0x00000000   Number         0  stubs.o ABSOLUTE
    _printf_c                                0x00000000   Number         0  stubs.o ABSOLUTE
    _printf_charcount                        0x00000000   Number         0  stubs.o ABSOLUTE
    _printf_d                                0x00000000   Number         0  stubs.o ABSOLUTE
    _printf_e                                0x00000000   Number         0  stubs.o ABSOLUTE
    _printf_f                                0x00000000   Number         0  stubs.o ABSOLUTE
    _printf_flags                            0x00000000   Number         0  stubs.o ABSOLUTE
    _printf_fp_dec                           0x00000000   Number         0  stubs.o ABSOLUTE
    _printf_fp_hex                           0x00000000   Number         0  stubs.o ABSOLUTE
    _printf_g                                0x00000000   Number         0  stubs.o ABSOLUTE
    _printf_i                                0x00000000   Number         0  stubs.o ABSOLUTE
    _printf_int_dec                          0x00000000   Number         0  stubs.o ABSOLUTE
    _printf_l                                0x00000000   Number         0  stubs.o ABSOLUTE
    _printf_lc                               0x00000000   Number         0  stubs.o ABSOLUTE
    _printf_ll                               0x00000000   Number         0  stubs.o ABSOLUTE
    _printf_lld                              0x00000000   Number         0  stubs.o ABSOLUTE
    _printf_lli                              0x00000000   Number         0  stubs.o ABSOLUTE
    _printf_llo                              0x00000000   Number         0  stubs.o ABSOLUTE
    _printf_llu                              0x00000000   Number         0  stubs.o ABSOLUTE
    _printf_llx                              0x00000000   Number         0  stubs.o ABSOLUTE
    _printf_longlong_dec                     0x00000000   Number         0  stubs.o ABSOLUTE
    _printf_longlong_hex                     0x00000000   Number         0  stubs.o ABSOLUTE
    _printf_longlong_oct                     0x00000000   Number         0  stubs.o ABSOLUTE
    _printf_ls                               0x00000000   Number         0  stubs.o ABSOLUTE
    _printf_mbtowc                           0x00000000   Number         0  stubs.o ABSOLUTE
    _printf_n                                0x00000000   Number         0  stubs.o ABSOLUTE
    _printf_o                                0x00000000   Number         0  stubs.o ABSOLUTE
    _printf_p                                0x00000000   Number         0  stubs.o ABSOLUTE
    _printf_percent                          0x00000000   Number         0  stubs.o ABSOLUTE
    _printf_pre_padding                      0x00000000   Number         0  stubs.o ABSOLUTE
    _printf_return_value                     0x00000000   Number         0  stubs.o ABSOLUTE
    _printf_s                                0x00000000   Number         0  stubs.o ABSOLUTE
    _printf_sizespec                         0x00000000   Number         0  stubs.o ABSOLUTE
    _printf_str                              0x00000000   Number         0  stubs.o ABSOLUTE
    _printf_truncate_signed                  0x00000000   Number         0  stubs.o ABSOLUTE
    _printf_truncate_unsigned                0x00000000   Number         0  stubs.o ABSOLUTE
    _printf_u                                0x00000000   Number         0  stubs.o ABSOLUTE
    _printf_wc                               0x00000000   Number         0  stubs.o ABSOLUTE
    _printf_wctomb                           0x00000000   Number         0  stubs.o ABSOLUTE
    _printf_widthprec                        0x00000000   Number         0  stubs.o ABSOLUTE
    _printf_x                                0x00000000   Number         0  stubs.o ABSOLUTE
    __cpp_initialize__aeabi_                  - Undefined Weak Reference
    __cxa_finalize                            - Undefined Weak Reference
    __decompress                              - Undefined Weak Reference
    _clock_init                               - Undefined Weak Reference
    _microlib_exit                            - Undefined Weak Reference
    __Vectors_Size                           0x000000c0   Number         0  startup_py32f002xx.o ABSOLUTE
    __Vectors                                0x08000000   Data           4  startup_py32f002xx.o(RESET)
    __Vectors_End                            0x080000c0   Data           0  startup_py32f002xx.o(RESET)
    __main                                   0x080000c1   Thumb Code     0  entry.o(.ARM.Collect$$$$00000000)
    _main_stk                                0x080000c1   Thumb Code     0  entry2.o(.ARM.Collect$$$$00000001)
    _main_scatterload                        0x080000c5   Thumb Code     0  entry5.o(.ARM.Collect$$$$00000004)
    __main_after_scatterload                 0x080000c9   Thumb Code     0  entry5.o(.ARM.Collect$$$$00000004)
    _main_clock                              0x080000c9   Thumb Code     0  entry7b.o(.ARM.Collect$$$$00000008)
    _main_cpp_init                           0x080000c9   Thumb Code     0  entry8b.o(.ARM.Collect$$$$0000000A)
    _main_init                               0x080000c9   Thumb Code     0  entry9a.o(.ARM.Collect$$$$0000000B)
    __rt_final_cpp                           0x080000d1   Thumb Code     0  entry10a.o(.ARM.Collect$$$$0000000D)
    __rt_final_exit                          0x080000d1   Thumb Code     0  entry11a.o(.ARM.Collect$$$$0000000F)
    Reset_Handler                            0x080000d5   Thumb Code     8  startup_py32f002xx.o(.text)
    ADC_COMP_IRQHandler                      0x080000e7   Thumb Code     0  startup_py32f002xx.o(.text)
    EXTI2_3_IRQHandler                       0x080000e7   Thumb Code     0  startup_py32f002xx.o(.text)
    FLASH_IRQHandler                         0x080000e7   Thumb Code     0  startup_py32f002xx.o(.text)
    I2C1_IRQHandler                          0x080000e7   Thumb Code     0  startup_py32f002xx.o(.text)
    RCC_IRQHandler                           0x080000e7   Thumb Code     0  startup_py32f002xx.o(.text)
    SPI1_IRQHandler                          0x080000e7   Thumb Code     0  startup_py32f002xx.o(.text)
    TIM1_CC_IRQHandler                       0x080000e7   Thumb Code     0  startup_py32f002xx.o(.text)
    USART1_IRQHandler                        0x080000e7   Thumb Code     0  startup_py32f002xx.o(.text)
    __aeabi_uidiv                            0x080000f1   Thumb Code     0  uidiv.o(.text)
    __aeabi_uidivmod                         0x080000f1   Thumb Code    44  uidiv.o(.text)
    __aeabi_memset                           0x0800011d   Thumb Code    14  memseta.o(.text)
    __aeabi_memset4                          0x0800011d   Thumb Code     0  memseta.o(.text)
    __aeabi_memset8                          0x0800011d   Thumb Code     0  memseta.o(.text)
    __aeabi_memclr                           0x0800012b   Thumb Code     4  memseta.o(.text)
    __aeabi_memclr4                          0x0800012b   Thumb Code     0  memseta.o(.text)
    __aeabi_memclr8                          0x0800012b   Thumb Code     0  memseta.o(.text)
    _memset$wrapper                          0x0800012f   Thumb Code    18  memseta.o(.text)
    __scatterload                            0x08000141   Thumb Code    28  init.o(.text)
    __scatterload_rt2                        0x08000141   Thumb Code     0  init.o(.text)
    main                                     0x08000165   Thumb Code    44  system_py32f0xx.o(i.$Sub$$main)
    APP_ConfigTIM1                           0x08000199   Thumb Code   150  main.o(i.APP_ConfigTIM1)
    APP_IOPortInit                           0x0800023d   Thumb Code    78  main.o(i.APP_IOPortInit)
    APP_SystemClockConfig                    0x08000295   Thumb Code   210  main.o(i.APP_SystemClockConfig)
    APP_SystemInit                           0x08000381   Thumb Code    16  main.o(i.APP_SystemInit)
    EXTI0_1_IRQHandler                       0x08000391   Thumb Code    18  py32f0xx_it.o(i.EXTI0_1_IRQHandler)
    EXTI4_15_IRQHandler                      0x080003a3   Thumb Code    18  py32f0xx_it.o(i.EXTI4_15_IRQHandler)
    HardFault_Handler                        0x080003b5   Thumb Code     4  py32f0xx_it.o(i.HardFault_Handler)
    LL_GPIO_Init                             0x080003d5   Thumb Code   250  py32f0xx_ll_gpio.o(i.LL_GPIO_Init)
    LL_Init1msTick                           0x080004dd   Thumb Code    34  py32f0xx_ll_utils.o(i.LL_Init1msTick)
    LL_SetSystemCoreClock                    0x08000505   Thumb Code     6  py32f0xx_ll_utils.o(i.LL_SetSystemCoreClock)
    LL_TIM_Init                              0x08000511   Thumb Code   100  py32f0xx_ll_tim.o(i.LL_TIM_Init)
    LPTIM1_IRQHandler                        0x0800058d   Thumb Code    34  py32f0xx_it.o(i.LPTIM1_IRQHandler)
    NMI_Handler                              0x080005b5   Thumb Code     2  py32f0xx_it.o(i.NMI_Handler)
    OLED_Clear                               0x08000631   Thumb Code    64  oled091.o(i.OLED_Clear)
    OLED_Init                                0x08000671   Thumb Code   242  oled091.o(i.OLED_Init)
    OLED_Set_Pos                             0x08000763   Thumb Code    46  oled091.o(i.OLED_Set_Pos)
    OLED_ShowChar                            0x08000791   Thumb Code   376  oled091.o(i.OLED_ShowChar)
    OLED_ShowString                          0x08000915   Thumb Code    70  oled091.o(i.OLED_ShowString)
    OsTimeTaskCB                             0x0800095d   Thumb Code   168  main.o(i.OsTimeTaskCB)
    PendSV_Handler                           0x08000a21   Thumb Code     2  py32f0xx_it.o(i.PendSV_Handler)
    SVC_Handler                              0x08000a23   Thumb Code     2  py32f0xx_it.o(i.SVC_Handler)
    SysTick_Handler                          0x08000a25   Thumb Code     8  py32f0xx_it.o(i.SysTick_Handler)
    SystemInit                               0x08000a2d   Thumb Code    32  system_py32f0xx.o(i.SystemInit)
    TIM16_IRQHandler                         0x08000a59   Thumb Code    40  py32f0xx_it.o(i.TIM16_IRQHandler)
    TIM1_BRK_UP_TRG_COM_IRQHandler           0x08000a85   Thumb Code    40  py32f0xx_it.o(i.TIM1_BRK_UP_TRG_COM_IRQHandler)
    __0sprintf$6                             0x08000ab1   Thumb Code    36  printf6.o(i.__0sprintf$6)
    __1sprintf$6                             0x08000ab1   Thumb Code     0  printf6.o(i.__0sprintf$6)
    __2sprintf                               0x08000ab1   Thumb Code     0  printf6.o(i.__0sprintf$6)
    __scatterload_copy                       0x08000ad9   Thumb Code    14  handlers.o(i.__scatterload_copy)
    __scatterload_null                       0x08000ae7   Thumb Code     2  handlers.o(i.__scatterload_null)
    __scatterload_zeroinit                   0x08000ae9   Thumb Code    14  handlers.o(i.__scatterload_zeroinit)
    _iic_send_byte                           0x08000af7   Thumb Code    68  t_iic.o(i._iic_send_byte)
    _iic_start                               0x08000b3b   Thumb Code    40  t_iic.o(i._iic_start)
    _iic_stop                                0x08000b63   Thumb Code    32  t_iic.o(i._iic_stop)
    _iic_wait_slave_ack                      0x08000b83   Thumb Code    66  t_iic.o(i._iic_wait_slave_ack)
    delay_ms                                 0x08000f21   Thumb Code    16  main.o(i.delay_ms)
    delay_us                                 0x08000f35   Thumb Code    58  main.o(i.delay_us)
    $Super$$main                             0x08000f71   Thumb Code   134  main.o(i.main)
    oled091_Write_Byte                       0x0800102d   Thumb Code  2198  oled091.o(i.oled091_Write_Byte)
    oled091_delay                            0x080018c9   Thumb Code    10  oled091.o(i.oled091_delay)
    oled091_init                             0x080018d5   Thumb Code   172  oled091.o(i.oled091_init)
    oled091_scl_high                         0x080019a9   Thumb Code    12  oled091.o(i.oled091_scl_high)
    oled091_scl_low                          0x080019b9   Thumb Code    12  oled091.o(i.oled091_scl_low)
    oled091_sda_high                         0x080019c9   Thumb Code    14  oled091.o(i.oled091_sda_high)
    oled091_sda_in                           0x080019d7   Thumb Code    30  oled091.o(i.oled091_sda_in)
    oled091_sda_low                          0x080019f5   Thumb Code    14  oled091.o(i.oled091_sda_low)
    oled091_sda_out                          0x08001a03   Thumb Code    38  oled091.o(i.oled091_sda_out)
    oled091_sda_read                         0x08001a29   Thumb Code    24  oled091.o(i.oled091_sda_read)
    F6x8                                     0x08001a40   Data         552  oled091.o(.constdata)
    F8X16                                    0x08001c68   Data        1520  oled091.o(.constdata)
    F20x32                                   0x08002258   Data         960  oled091.o(.constdata)
    Region$$Table$$Base                      0x0800263c   Number         0  anon$$obj.o(Region$$Table)
    Region$$Table$$Limit                     0x0800265c   Number         0  anon$$obj.o(Region$$Table)
    VECT_SRAM_TAB                            0x20000000   Data         192  system_py32f0xx.o(.ARM.__at_0x20000000)
    SystemCoreClock                          0x200000c0   Data           4  system_py32f0xx.o(.data)
    g_cnt_Timer_T1ms                         0x200000c4   Data           2  main.o(.data)
    b_update                                 0x200000c6   Data           1  main.o(.data)
    cnt_sec                                  0x200000c7   Data           1  main.o(.data)
    cnt_min                                  0x200000c8   Data           1  main.o(.data)
    cnt_hour                                 0x200000c9   Data           1  main.o(.data)
    g_cnt_Timer_Led                          0x200000ca   Data           2  main.o(.data)
    cnt_1sec                                 0x200000cc   Data           2  main.o(.data)
    dev_oled091                              0x200000d0   Data          32  oled091.o(.bss)
    __initial_sp                             0x200004f0   Data           0  startup_py32f002xx.o(STACK)



==============================================================================

Memory Map of the image

  Image Entry point : 0x080000c1

  Load Region LR_IROM1 (Base: 0x08000000, Size: 0x0000272c, Max: 0x00005000, ABSOLUTE)

    Execution Region ER_IROM1 (Base: 0x08000000, Size: 0x0000265c, Max: 0x00005000, ABSOLUTE)

    Base Addr    Size         Type   Attr      Idx    E Section Name        Object

    0x08000000   0x000000c0   Data   RO           67    RESET               startup_py32f002xx.o
    0x080000c0   0x00000000   Code   RO          959  * .ARM.Collect$$$$00000000  mc_p.l(entry.o)
    0x080000c0   0x00000004   Code   RO         1227    .ARM.Collect$$$$00000001  mc_p.l(entry2.o)
    0x080000c4   0x00000004   Code   RO         1230    .ARM.Collect$$$$00000004  mc_p.l(entry5.o)
    0x080000c8   0x00000000   Code   RO         1232    .ARM.Collect$$$$00000008  mc_p.l(entry7b.o)
    0x080000c8   0x00000000   Code   RO         1234    .ARM.Collect$$$$0000000A  mc_p.l(entry8b.o)
    0x080000c8   0x00000008   Code   RO         1235    .ARM.Collect$$$$0000000B  mc_p.l(entry9a.o)
    0x080000d0   0x00000000   Code   RO         1237    .ARM.Collect$$$$0000000D  mc_p.l(entry10a.o)
    0x080000d0   0x00000000   Code   RO         1239    .ARM.Collect$$$$0000000F  mc_p.l(entry11a.o)
    0x080000d0   0x00000004   Code   RO         1228    .ARM.Collect$$$$00002712  mc_p.l(entry2.o)
    0x080000d4   0x0000001c   Code   RO           68    .text               startup_py32f002xx.o
    0x080000f0   0x0000002c   Code   RO          962    .text               mc_p.l(uidiv.o)
    0x0800011c   0x00000024   Code   RO          964    .text               mc_p.l(memseta.o)
    0x08000140   0x00000024   Code   RO         1257    .text               mc_p.l(init.o)
    0x08000164   0x00000034   Code   RO            3    i.$Sub$$main        system_py32f0xx.o
    0x08000198   0x000000a4   Code   RO           74    i.APP_ConfigTIM1    main.o
    0x0800023c   0x00000058   Code   RO           75    i.APP_IOPortInit    main.o
    0x08000294   0x000000ec   Code   RO           76    i.APP_SystemClockConfig  main.o
    0x08000380   0x00000010   Code   RO           77    i.APP_SystemInit    main.o
    0x08000390   0x00000012   Code   RO          215    i.EXTI0_1_IRQHandler  py32f0xx_it.o
    0x080003a2   0x00000012   Code   RO          216    i.EXTI4_15_IRQHandler  py32f0xx_it.o
    0x080003b4   0x00000004   Code   RO          217    i.HardFault_Handler  py32f0xx_it.o
    0x080003b8   0x0000000c   Code   RO          218    i.LL_EXTI_ClearFlag  py32f0xx_it.o
    0x080003c4   0x00000010   Code   RO          219    i.LL_EXTI_ReadFlag  py32f0xx_it.o
    0x080003d4   0x000000fa   Code   RO          331    i.LL_GPIO_Init      py32f0xx_ll_gpio.o
    0x080004ce   0x00000004   Code   RO          739    i.LL_GPIO_ResetOutputPin  oled091.o
    0x080004d2   0x00000004   Code   RO           79    i.LL_GPIO_SetOutputPin  main.o
    0x080004d6   0x00000004   Code   RO          740    i.LL_GPIO_SetOutputPin  oled091.o
    0x080004da   0x00000002   PAD
    0x080004dc   0x00000028   Code   RO          695    i.LL_Init1msTick    py32f0xx_ll_utils.o
    0x08000504   0x0000000c   Code   RO          697    i.LL_SetSystemCoreClock  py32f0xx_ll_utils.o
    0x08000510   0x0000006c   Code   RO          393    i.LL_TIM_Init       py32f0xx_ll_tim.o
    0x0800057c   0x00000010   Code   RO          220    i.LL_TIM_IsEnabledIT_UPDATE  py32f0xx_it.o
    0x0800058c   0x00000028   Code   RO          221    i.LPTIM1_IRQHandler  py32f0xx_it.o
    0x080005b4   0x00000002   Code   RO          222    i.NMI_Handler       py32f0xx_it.o
    0x080005b6   0x00000002   PAD
    0x080005b8   0x00000078   Code   RO           80    i.NVIC_SetPriority  main.o
    0x08000630   0x00000040   Code   RO          741    i.OLED_Clear        oled091.o
    0x08000670   0x000000f2   Code   RO          745    i.OLED_Init         oled091.o
    0x08000762   0x0000002e   Code   RO          747    i.OLED_Set_Pos      oled091.o
    0x08000790   0x00000184   Code   RO          749    i.OLED_ShowChar     oled091.o
    0x08000914   0x00000046   Code   RO          751    i.OLED_ShowString   oled091.o
    0x0800095a   0x00000002   PAD
    0x0800095c   0x000000c4   Code   RO           81    i.OsTimeTaskCB      main.o
    0x08000a20   0x00000002   Code   RO          223    i.PendSV_Handler    py32f0xx_it.o
    0x08000a22   0x00000002   Code   RO          224    i.SVC_Handler       py32f0xx_it.o
    0x08000a24   0x00000008   Code   RO          225    i.SysTick_Handler   py32f0xx_it.o
    0x08000a2c   0x0000002c   Code   RO            5    i.SystemInit        system_py32f0xx.o
    0x08000a58   0x0000002c   Code   RO          226    i.TIM16_IRQHandler  py32f0xx_it.o
    0x08000a84   0x0000002c   Code   RO          227    i.TIM1_BRK_UP_TRG_COM_IRQHandler  py32f0xx_it.o
    0x08000ab0   0x00000028   Code   RO         1123    i.__0sprintf$6      mc_p.l(printf6.o)
    0x08000ad8   0x0000000e   Code   RO         1273    i.__scatterload_copy  mc_p.l(handlers.o)
    0x08000ae6   0x00000002   Code   RO         1274    i.__scatterload_null  mc_p.l(handlers.o)
    0x08000ae8   0x0000000e   Code   RO         1275    i.__scatterload_zeroinit  mc_p.l(handlers.o)
    0x08000af6   0x00000044   Code   RO          914    i._iic_send_byte    t_iic.o
    0x08000b3a   0x00000028   Code   RO          915    i._iic_start        t_iic.o
    0x08000b62   0x00000020   Code   RO          916    i._iic_stop         t_iic.o
    0x08000b82   0x00000042   Code   RO          917    i._iic_wait_slave_ack  t_iic.o
    0x08000bc4   0x00000304   Code   RO         1128    i._printf_core      mc_p.l(printf6.o)
    0x08000ec8   0x00000020   Code   RO         1129    i._printf_post_padding  mc_p.l(printf6.o)
    0x08000ee8   0x0000002c   Code   RO         1130    i._printf_pre_padding  mc_p.l(printf6.o)
    0x08000f14   0x0000000a   Code   RO         1132    i._sputc            mc_p.l(printf6.o)
    0x08000f1e   0x00000002   PAD
    0x08000f20   0x00000014   Code   RO           82    i.delay_ms          main.o
    0x08000f34   0x0000003a   Code   RO           83    i.delay_us          main.o
    0x08000f6e   0x00000002   PAD
    0x08000f70   0x000000bc   Code   RO           84    i.main              main.o
    0x0800102c   0x0000089c   Code   RO          752    i.oled091_Write_Byte  oled091.o
    0x080018c8   0x0000000a   Code   RO          753    i.oled091_delay     oled091.o
    0x080018d2   0x00000002   PAD
    0x080018d4   0x000000d4   Code   RO          754    i.oled091_init      oled091.o
    0x080019a8   0x00000010   Code   RO          755    i.oled091_scl_high  oled091.o
    0x080019b8   0x00000010   Code   RO          756    i.oled091_scl_low   oled091.o
    0x080019c8   0x0000000e   Code   RO          757    i.oled091_sda_high  oled091.o
    0x080019d6   0x0000001e   Code   RO          758    i.oled091_sda_in    oled091.o
    0x080019f4   0x0000000e   Code   RO          759    i.oled091_sda_low   oled091.o
    0x08001a02   0x00000026   Code   RO          760    i.oled091_sda_out   oled091.o
    0x08001a28   0x00000018   Code   RO          761    i.oled091_sda_read  oled091.o
    0x08001a40   0x00000bfb   Data   RO          764    .constdata          oled091.o
    0x0800263b   0x00000001   PAD
    0x0800263c   0x00000020   Data   RO         1271    Region$$Table       anon$$obj.o


    Execution Region RW_IRAM1 (Base: 0x20000000, Size: 0x000004f0, Max: 0x00000c00, ABSOLUTE)

    Base Addr    Size         Type   Attr      Idx    E Section Name        Object

    0x20000000   0x000000c0   Data   RW            6    .ARM.__at_0x20000000  system_py32f0xx.o
    0x200000c0   0x00000004   Data   RW            8    .data               system_py32f0xx.o
    0x200000c4   0x0000000a   Data   RW           86    .data               main.o
    0x200000ce   0x00000002   PAD
    0x200000d0   0x00000020   Zero   RW          763    .bss                oled091.o
    0x200000f0   0x00000400   Zero   RW           65    STACK               startup_py32f002xx.o


==============================================================================

Image component sizes


      Code (inc. data)   RO Data    RW Data    ZI Data      Debug   Object Name

      1090        146          0         10          0      54297   main.o
      3396         74       3067          0         32      36834   oled091.o
       226         26          0          0          0      32882   py32f0xx_it.o
       250          0          0          0          0       8931   py32f0xx_ll_gpio.o
       108          8          0          0          0      25554   py32f0xx_ll_tim.o
        52         12          0          0          0       2229   py32f0xx_ll_utils.o
        28          8        192          0       1024        600   startup_py32f002xx.o
        96         20          0        196          0     136115   system_py32f0xx.o
       206          0          0          0          0       2336   t_iic.o

    ----------------------------------------------------------------------
      5462        294       3292        208       1056     299778   Object Totals
         0          0         32          0          0          0   (incl. Generated)
        10          0          1          2          0          0   (incl. Padding)

    ----------------------------------------------------------------------

      Code (inc. data)   RO Data    RW Data    ZI Data      Debug   Library Member Name

         0          0          0          0          0          0   entry.o
         0          0          0          0          0          0   entry10a.o
         0          0          0          0          0          0   entry11a.o
         8          4          0          0          0          0   entry2.o
         4          0          0          0          0          0   entry5.o
         0          0          0          0          0          0   entry7b.o
         0          0          0          0          0          0   entry8b.o
         8          4          0          0          0          0   entry9a.o
        30          0          0          0          0          0   handlers.o
        36          8          0          0          0         68   init.o
        36          0          0          0          0        100   memseta.o
       898          8          0          0          0        384   printf6.o
        44          0          0          0          0         72   uidiv.o

    ----------------------------------------------------------------------
      1066         24          0          0          0        624   Library Totals
         2          0          0          0          0          0   (incl. Padding)

    ----------------------------------------------------------------------

      Code (inc. data)   RO Data    RW Data    ZI Data      Debug   Library Name

      1064         24          0          0          0        624   mc_p.l

    ----------------------------------------------------------------------
      1066         24          0          0          0        624   Library Totals

    ----------------------------------------------------------------------

==============================================================================


      Code (inc. data)   RO Data    RW Data    ZI Data      Debug   

      6528        318       3292        208       1056     298222   Grand Totals
      6528        318       3292        208       1056     298222   ELF Image Totals
      6528        318       3292        208          0          0   ROM Totals

==============================================================================

    Total RO  Size (Code + RO Data)                 9820 (   9.59kB)
    Total RW  Size (RW Data + ZI Data)              1264 (   1.23kB)
    Total ROM Size (Code + RO Data + RW Data)      10028 (   9.79kB)

==============================================================================

