<!doctype html public "-//w3c//dtd html 4.0 transitional//en">
<html><head>
<title>Static Call Graph - [.\Objects\SW-101-PYB_Board.axf]</title></head>
<body><HR>
<H1>Static Call Graph for image .\Objects\SW-101-PYB_Board.axf</H1><HR>
<BR><P>#&#060CALLGRAPH&#062# ARM Linker, 5060422: Last Updated: Tue Jul 02 15:07:37 2024
<BR><P>
<H3>Maximum Stack Usage =        232 bytes + Unknown(Cycles, Untraceable Function Pointers)</H3><H3>
Call chain for Maximum Stack Depth:</H3>
main &rArr; $Super$$main &rArr; OLED_ShowString &rArr; OLED_ShowChar &rArr; OLED_Set_Pos &rArr; oled091_Write_Byte &rArr; _iic_wait_slave_ack
<P>
<H3>
Mutually Recursive functions
</H3> <LI><a href="#[b]">ADC_COMP_IRQHandler</a>&nbsp;&nbsp;&nbsp;&rArr;&nbsp;&nbsp;&nbsp;<a href="#[b]">ADC_COMP_IRQHandler</a><BR>
</UL>
<P>
<H3>
Function Pointers
</H3><UL>
 <LI><a href="#[b]">ADC_COMP_IRQHandler</a> from startup_py32f002xx.o(.text) referenced from startup_py32f002xx.o(RESET)
 <LI><a href="#[8]">EXTI0_1_IRQHandler</a> from py32f0xx_it.o(i.EXTI0_1_IRQHandler) referenced from startup_py32f002xx.o(RESET)
 <LI><a href="#[9]">EXTI2_3_IRQHandler</a> from startup_py32f002xx.o(.text) referenced from startup_py32f002xx.o(RESET)
 <LI><a href="#[a]">EXTI4_15_IRQHandler</a> from py32f0xx_it.o(i.EXTI4_15_IRQHandler) referenced from startup_py32f002xx.o(RESET)
 <LI><a href="#[6]">FLASH_IRQHandler</a> from startup_py32f002xx.o(.text) referenced from startup_py32f002xx.o(RESET)
 <LI><a href="#[2]">HardFault_Handler</a> from py32f0xx_it.o(i.HardFault_Handler) referenced from startup_py32f002xx.o(RESET)
 <LI><a href="#[10]">I2C1_IRQHandler</a> from startup_py32f002xx.o(.text) referenced from startup_py32f002xx.o(RESET)
 <LI><a href="#[e]">LPTIM1_IRQHandler</a> from py32f0xx_it.o(i.LPTIM1_IRQHandler) referenced from startup_py32f002xx.o(RESET)
 <LI><a href="#[1]">NMI_Handler</a> from py32f0xx_it.o(i.NMI_Handler) referenced from startup_py32f002xx.o(RESET)
 <LI><a href="#[4]">PendSV_Handler</a> from py32f0xx_it.o(i.PendSV_Handler) referenced from startup_py32f002xx.o(RESET)
 <LI><a href="#[7]">RCC_IRQHandler</a> from startup_py32f002xx.o(.text) referenced from startup_py32f002xx.o(RESET)
 <LI><a href="#[0]">Reset_Handler</a> from startup_py32f002xx.o(.text) referenced from startup_py32f002xx.o(RESET)
 <LI><a href="#[11]">SPI1_IRQHandler</a> from startup_py32f002xx.o(.text) referenced from startup_py32f002xx.o(RESET)
 <LI><a href="#[3]">SVC_Handler</a> from py32f0xx_it.o(i.SVC_Handler) referenced from startup_py32f002xx.o(RESET)
 <LI><a href="#[5]">SysTick_Handler</a> from py32f0xx_it.o(i.SysTick_Handler) referenced from startup_py32f002xx.o(RESET)
 <LI><a href="#[14]">SystemInit</a> from system_py32f0xx.o(i.SystemInit) referenced from startup_py32f002xx.o(.text)
 <LI><a href="#[f]">TIM16_IRQHandler</a> from py32f0xx_it.o(i.TIM16_IRQHandler) referenced from startup_py32f002xx.o(RESET)
 <LI><a href="#[c]">TIM1_BRK_UP_TRG_COM_IRQHandler</a> from py32f0xx_it.o(i.TIM1_BRK_UP_TRG_COM_IRQHandler) referenced from startup_py32f002xx.o(RESET)
 <LI><a href="#[d]">TIM1_CC_IRQHandler</a> from startup_py32f002xx.o(.text) referenced from startup_py32f002xx.o(RESET)
 <LI><a href="#[12]">USART1_IRQHandler</a> from startup_py32f002xx.o(.text) referenced from startup_py32f002xx.o(RESET)
 <LI><a href="#[15]">__main</a> from entry.o(.ARM.Collect$$$$00000000) referenced from startup_py32f002xx.o(.text)
 <LI><a href="#[16]">_sputc</a> from printf6.o(i._sputc) referenced from printf6.o(i.__0sprintf$6)
 <LI><a href="#[13]">main</a> from system_py32f0xx.o(i.$Sub$$main) referenced from entry9a.o(.ARM.Collect$$$$0000000B)
 <LI><a href="#[17]">oled091_delay</a> from oled091.o(i.oled091_delay) referenced from oled091.o(i.oled091_init)
 <LI><a href="#[18]">oled091_scl_high</a> from oled091.o(i.oled091_scl_high) referenced from oled091.o(i.oled091_init)
 <LI><a href="#[19]">oled091_scl_low</a> from oled091.o(i.oled091_scl_low) referenced from oled091.o(i.oled091_init)
 <LI><a href="#[1a]">oled091_sda_high</a> from oled091.o(i.oled091_sda_high) referenced from oled091.o(i.oled091_init)
 <LI><a href="#[1c]">oled091_sda_in</a> from oled091.o(i.oled091_sda_in) referenced from oled091.o(i.oled091_init)
 <LI><a href="#[1b]">oled091_sda_low</a> from oled091.o(i.oled091_sda_low) referenced from oled091.o(i.oled091_init)
 <LI><a href="#[1d]">oled091_sda_out</a> from oled091.o(i.oled091_sda_out) referenced from oled091.o(i.oled091_init)
 <LI><a href="#[1e]">oled091_sda_read</a> from oled091.o(i.oled091_sda_read) referenced from oled091.o(i.oled091_init)
</UL>
<P>
<H3>
Global Symbols
</H3>
<P><STRONG><a name="[15]"></a>__main</STRONG> (Thumb, 0 bytes, Stack size unknown bytes, entry.o(.ARM.Collect$$$$00000000))
<BR>[Address Reference Count : 1]<UL><LI> startup_py32f002xx.o(.text)
</UL>
<P><STRONG><a name="[4a]"></a>_main_stk</STRONG> (Thumb, 0 bytes, Stack size unknown bytes, entry2.o(.ARM.Collect$$$$00000001))

<P><STRONG><a name="[1f]"></a>_main_scatterload</STRONG> (Thumb, 0 bytes, Stack size unknown bytes, entry5.o(.ARM.Collect$$$$00000004))
<BR><BR>[Calls]<UL><LI><a href="#[20]">&gt;&gt;</a>&nbsp;&nbsp;&nbsp;__scatterload
</UL>

<P><STRONG><a name="[24]"></a>__main_after_scatterload</STRONG> (Thumb, 0 bytes, Stack size unknown bytes, entry5.o(.ARM.Collect$$$$00000004))
<BR><BR>[Called By]<UL><LI><a href="#[20]">&gt;&gt;</a>&nbsp;&nbsp;&nbsp;__scatterload
</UL>

<P><STRONG><a name="[4b]"></a>_main_clock</STRONG> (Thumb, 0 bytes, Stack size unknown bytes, entry7b.o(.ARM.Collect$$$$00000008))

<P><STRONG><a name="[4c]"></a>_main_cpp_init</STRONG> (Thumb, 0 bytes, Stack size unknown bytes, entry8b.o(.ARM.Collect$$$$0000000A))

<P><STRONG><a name="[4d]"></a>_main_init</STRONG> (Thumb, 0 bytes, Stack size unknown bytes, entry9a.o(.ARM.Collect$$$$0000000B))

<P><STRONG><a name="[4e]"></a>__rt_final_cpp</STRONG> (Thumb, 0 bytes, Stack size unknown bytes, entry10a.o(.ARM.Collect$$$$0000000D))

<P><STRONG><a name="[4f]"></a>__rt_final_exit</STRONG> (Thumb, 0 bytes, Stack size unknown bytes, entry11a.o(.ARM.Collect$$$$0000000F))

<P><STRONG><a name="[0]"></a>Reset_Handler</STRONG> (Thumb, 8 bytes, Stack size 0 bytes, startup_py32f002xx.o(.text))
<BR>[Address Reference Count : 1]<UL><LI> startup_py32f002xx.o(RESET)
</UL>
<P><STRONG><a name="[b]"></a>ADC_COMP_IRQHandler</STRONG> (Thumb, 0 bytes, Stack size 0 bytes, startup_py32f002xx.o(.text))
<BR><BR>[Calls]<UL><LI><a href="#[b]">&gt;&gt;</a>&nbsp;&nbsp;&nbsp;ADC_COMP_IRQHandler
</UL>
<BR>[Called By]<UL><LI><a href="#[b]">&gt;&gt;</a>&nbsp;&nbsp;&nbsp;ADC_COMP_IRQHandler
</UL>
<BR>[Address Reference Count : 1]<UL><LI> startup_py32f002xx.o(RESET)
</UL>
<P><STRONG><a name="[9]"></a>EXTI2_3_IRQHandler</STRONG> (Thumb, 0 bytes, Stack size 0 bytes, startup_py32f002xx.o(.text))
<BR>[Address Reference Count : 1]<UL><LI> startup_py32f002xx.o(RESET)
</UL>
<P><STRONG><a name="[6]"></a>FLASH_IRQHandler</STRONG> (Thumb, 0 bytes, Stack size 0 bytes, startup_py32f002xx.o(.text))
<BR>[Address Reference Count : 1]<UL><LI> startup_py32f002xx.o(RESET)
</UL>
<P><STRONG><a name="[10]"></a>I2C1_IRQHandler</STRONG> (Thumb, 0 bytes, Stack size 0 bytes, startup_py32f002xx.o(.text))
<BR>[Address Reference Count : 1]<UL><LI> startup_py32f002xx.o(RESET)
</UL>
<P><STRONG><a name="[7]"></a>RCC_IRQHandler</STRONG> (Thumb, 0 bytes, Stack size 0 bytes, startup_py32f002xx.o(.text))
<BR>[Address Reference Count : 1]<UL><LI> startup_py32f002xx.o(RESET)
</UL>
<P><STRONG><a name="[11]"></a>SPI1_IRQHandler</STRONG> (Thumb, 0 bytes, Stack size 0 bytes, startup_py32f002xx.o(.text))
<BR>[Address Reference Count : 1]<UL><LI> startup_py32f002xx.o(RESET)
</UL>
<P><STRONG><a name="[d]"></a>TIM1_CC_IRQHandler</STRONG> (Thumb, 0 bytes, Stack size 0 bytes, startup_py32f002xx.o(.text))
<BR>[Address Reference Count : 1]<UL><LI> startup_py32f002xx.o(RESET)
</UL>
<P><STRONG><a name="[12]"></a>USART1_IRQHandler</STRONG> (Thumb, 0 bytes, Stack size 0 bytes, startup_py32f002xx.o(.text))
<BR>[Address Reference Count : 1]<UL><LI> startup_py32f002xx.o(RESET)
</UL>
<P><STRONG><a name="[50]"></a>__aeabi_uidiv</STRONG> (Thumb, 0 bytes, Stack size 12 bytes, uidiv.o(.text), UNUSED)

<P><STRONG><a name="[2f]"></a>__aeabi_uidivmod</STRONG> (Thumb, 44 bytes, Stack size 12 bytes, uidiv.o(.text))
<BR><BR>[Stack]<UL><LI>Max Depth = 12<LI>Call Chain = __aeabi_uidivmod
</UL>
<BR>[Called By]<UL><LI><a href="#[2e]">&gt;&gt;</a>&nbsp;&nbsp;&nbsp;LL_Init1msTick
<LI><a href="#[2c]">&gt;&gt;</a>&nbsp;&nbsp;&nbsp;APP_SystemClockConfig
<LI><a href="#[3f]">&gt;&gt;</a>&nbsp;&nbsp;&nbsp;_printf_core
</UL>

<P><STRONG><a name="[22]"></a>__aeabi_memset</STRONG> (Thumb, 14 bytes, Stack size 0 bytes, memseta.o(.text), UNUSED)
<BR><BR>[Called By]<UL><LI><a href="#[23]">&gt;&gt;</a>&nbsp;&nbsp;&nbsp;_memset$wrapper
<LI><a href="#[21]">&gt;&gt;</a>&nbsp;&nbsp;&nbsp;__aeabi_memclr
</UL>

<P><STRONG><a name="[51]"></a>__aeabi_memset4</STRONG> (Thumb, 0 bytes, Stack size 0 bytes, memseta.o(.text), UNUSED)

<P><STRONG><a name="[52]"></a>__aeabi_memset8</STRONG> (Thumb, 0 bytes, Stack size 0 bytes, memseta.o(.text), UNUSED)

<P><STRONG><a name="[21]"></a>__aeabi_memclr</STRONG> (Thumb, 4 bytes, Stack size 0 bytes, memseta.o(.text), UNUSED)
<BR><BR>[Calls]<UL><LI><a href="#[22]">&gt;&gt;</a>&nbsp;&nbsp;&nbsp;__aeabi_memset
</UL>

<P><STRONG><a name="[27]"></a>__aeabi_memclr4</STRONG> (Thumb, 0 bytes, Stack size 0 bytes, memseta.o(.text))
<BR><BR>[Called By]<UL><LI><a href="#[26]">&gt;&gt;</a>&nbsp;&nbsp;&nbsp;APP_ConfigTIM1
<LI><a href="#[25]">&gt;&gt;</a>&nbsp;&nbsp;&nbsp;$Super$$main
</UL>

<P><STRONG><a name="[53]"></a>__aeabi_memclr8</STRONG> (Thumb, 0 bytes, Stack size 0 bytes, memseta.o(.text), UNUSED)

<P><STRONG><a name="[23]"></a>_memset$wrapper</STRONG> (Thumb, 18 bytes, Stack size 8 bytes, memseta.o(.text), UNUSED)
<BR><BR>[Calls]<UL><LI><a href="#[22]">&gt;&gt;</a>&nbsp;&nbsp;&nbsp;__aeabi_memset
</UL>

<P><STRONG><a name="[20]"></a>__scatterload</STRONG> (Thumb, 28 bytes, Stack size 0 bytes, init.o(.text))
<BR><BR>[Calls]<UL><LI><a href="#[24]">&gt;&gt;</a>&nbsp;&nbsp;&nbsp;__main_after_scatterload
</UL>
<BR>[Called By]<UL><LI><a href="#[1f]">&gt;&gt;</a>&nbsp;&nbsp;&nbsp;_main_scatterload
</UL>

<P><STRONG><a name="[54]"></a>__scatterload_rt2</STRONG> (Thumb, 0 bytes, Stack size 0 bytes, init.o(.text), UNUSED)

<P><STRONG><a name="[13]"></a>main</STRONG> (Thumb, 44 bytes, Stack size 16 bytes, system_py32f0xx.o(i.$Sub$$main))
<BR><BR>[Stack]<UL><LI>Max Depth = 232<LI>Call Chain = main &rArr; $Super$$main &rArr; OLED_ShowString &rArr; OLED_ShowChar &rArr; OLED_Set_Pos &rArr; oled091_Write_Byte &rArr; _iic_wait_slave_ack
</UL>
<BR>[Calls]<UL><LI><a href="#[25]">&gt;&gt;</a>&nbsp;&nbsp;&nbsp;$Super$$main
</UL>
<BR>[Address Reference Count : 1]<UL><LI> entry9a.o(.ARM.Collect$$$$0000000B)
</UL>
<P><STRONG><a name="[26]"></a>APP_ConfigTIM1</STRONG> (Thumb, 150 bytes, Stack size 32 bytes, main.o(i.APP_ConfigTIM1))
<BR><BR>[Stack]<UL><LI>Max Depth = 40<LI>Call Chain = APP_ConfigTIM1 &rArr; LL_TIM_Init
</UL>
<BR>[Calls]<UL><LI><a href="#[28]">&gt;&gt;</a>&nbsp;&nbsp;&nbsp;LL_TIM_Init
<LI><a href="#[29]">&gt;&gt;</a>&nbsp;&nbsp;&nbsp;NVIC_SetPriority
<LI><a href="#[27]">&gt;&gt;</a>&nbsp;&nbsp;&nbsp;__aeabi_memclr4
</UL>
<BR>[Called By]<UL><LI><a href="#[30]">&gt;&gt;</a>&nbsp;&nbsp;&nbsp;APP_SystemInit
</UL>

<P><STRONG><a name="[2a]"></a>APP_IOPortInit</STRONG> (Thumb, 78 bytes, Stack size 32 bytes, main.o(i.APP_IOPortInit))
<BR><BR>[Stack]<UL><LI>Max Depth = 52<LI>Call Chain = APP_IOPortInit &rArr; LL_GPIO_Init
</UL>
<BR>[Calls]<UL><LI><a href="#[2b]">&gt;&gt;</a>&nbsp;&nbsp;&nbsp;LL_GPIO_Init
</UL>
<BR>[Called By]<UL><LI><a href="#[30]">&gt;&gt;</a>&nbsp;&nbsp;&nbsp;APP_SystemInit
</UL>

<P><STRONG><a name="[2c]"></a>APP_SystemClockConfig</STRONG> (Thumb, 210 bytes, Stack size 8 bytes, main.o(i.APP_SystemClockConfig))
<BR><BR>[Stack]<UL><LI>Max Depth = 36<LI>Call Chain = APP_SystemClockConfig &rArr; LL_Init1msTick &rArr; __aeabi_uidivmod
</UL>
<BR>[Calls]<UL><LI><a href="#[2d]">&gt;&gt;</a>&nbsp;&nbsp;&nbsp;LL_SetSystemCoreClock
<LI><a href="#[2e]">&gt;&gt;</a>&nbsp;&nbsp;&nbsp;LL_Init1msTick
<LI><a href="#[29]">&gt;&gt;</a>&nbsp;&nbsp;&nbsp;NVIC_SetPriority
<LI><a href="#[2f]">&gt;&gt;</a>&nbsp;&nbsp;&nbsp;__aeabi_uidivmod
</UL>
<BR>[Called By]<UL><LI><a href="#[30]">&gt;&gt;</a>&nbsp;&nbsp;&nbsp;APP_SystemInit
</UL>

<P><STRONG><a name="[30]"></a>APP_SystemInit</STRONG> (Thumb, 16 bytes, Stack size 8 bytes, main.o(i.APP_SystemInit))
<BR><BR>[Stack]<UL><LI>Max Depth = 60<LI>Call Chain = APP_SystemInit &rArr; APP_IOPortInit &rArr; LL_GPIO_Init
</UL>
<BR>[Calls]<UL><LI><a href="#[2c]">&gt;&gt;</a>&nbsp;&nbsp;&nbsp;APP_SystemClockConfig
<LI><a href="#[2a]">&gt;&gt;</a>&nbsp;&nbsp;&nbsp;APP_IOPortInit
<LI><a href="#[26]">&gt;&gt;</a>&nbsp;&nbsp;&nbsp;APP_ConfigTIM1
</UL>
<BR>[Called By]<UL><LI><a href="#[25]">&gt;&gt;</a>&nbsp;&nbsp;&nbsp;$Super$$main
</UL>

<P><STRONG><a name="[8]"></a>EXTI0_1_IRQHandler</STRONG> (Thumb, 18 bytes, Stack size 8 bytes, py32f0xx_it.o(i.EXTI0_1_IRQHandler))
<BR><BR>[Stack]<UL><LI>Max Depth = 8<LI>Call Chain = EXTI0_1_IRQHandler
</UL>
<BR>[Calls]<UL><LI><a href="#[31]">&gt;&gt;</a>&nbsp;&nbsp;&nbsp;LL_EXTI_ReadFlag
<LI><a href="#[32]">&gt;&gt;</a>&nbsp;&nbsp;&nbsp;LL_EXTI_ClearFlag
</UL>
<BR>[Address Reference Count : 1]<UL><LI> startup_py32f002xx.o(RESET)
</UL>
<P><STRONG><a name="[a]"></a>EXTI4_15_IRQHandler</STRONG> (Thumb, 18 bytes, Stack size 8 bytes, py32f0xx_it.o(i.EXTI4_15_IRQHandler))
<BR><BR>[Stack]<UL><LI>Max Depth = 8<LI>Call Chain = EXTI4_15_IRQHandler
</UL>
<BR>[Calls]<UL><LI><a href="#[31]">&gt;&gt;</a>&nbsp;&nbsp;&nbsp;LL_EXTI_ReadFlag
<LI><a href="#[32]">&gt;&gt;</a>&nbsp;&nbsp;&nbsp;LL_EXTI_ClearFlag
</UL>
<BR>[Address Reference Count : 1]<UL><LI> startup_py32f002xx.o(RESET)
</UL>
<P><STRONG><a name="[2]"></a>HardFault_Handler</STRONG> (Thumb, 4 bytes, Stack size 0 bytes, py32f0xx_it.o(i.HardFault_Handler))
<BR>[Address Reference Count : 1]<UL><LI> startup_py32f002xx.o(RESET)
</UL>
<P><STRONG><a name="[2b]"></a>LL_GPIO_Init</STRONG> (Thumb, 250 bytes, Stack size 20 bytes, py32f0xx_ll_gpio.o(i.LL_GPIO_Init))
<BR><BR>[Stack]<UL><LI>Max Depth = 20<LI>Call Chain = LL_GPIO_Init
</UL>
<BR>[Called By]<UL><LI><a href="#[2a]">&gt;&gt;</a>&nbsp;&nbsp;&nbsp;APP_IOPortInit
<LI><a href="#[1d]">&gt;&gt;</a>&nbsp;&nbsp;&nbsp;oled091_sda_out
<LI><a href="#[1c]">&gt;&gt;</a>&nbsp;&nbsp;&nbsp;oled091_sda_in
<LI><a href="#[36]">&gt;&gt;</a>&nbsp;&nbsp;&nbsp;oled091_init
</UL>

<P><STRONG><a name="[2e]"></a>LL_Init1msTick</STRONG> (Thumb, 34 bytes, Stack size 16 bytes, py32f0xx_ll_utils.o(i.LL_Init1msTick))
<BR><BR>[Stack]<UL><LI>Max Depth = 28<LI>Call Chain = LL_Init1msTick &rArr; __aeabi_uidivmod
</UL>
<BR>[Calls]<UL><LI><a href="#[2f]">&gt;&gt;</a>&nbsp;&nbsp;&nbsp;__aeabi_uidivmod
</UL>
<BR>[Called By]<UL><LI><a href="#[2c]">&gt;&gt;</a>&nbsp;&nbsp;&nbsp;APP_SystemClockConfig
</UL>

<P><STRONG><a name="[2d]"></a>LL_SetSystemCoreClock</STRONG> (Thumb, 6 bytes, Stack size 0 bytes, py32f0xx_ll_utils.o(i.LL_SetSystemCoreClock))
<BR><BR>[Called By]<UL><LI><a href="#[2c]">&gt;&gt;</a>&nbsp;&nbsp;&nbsp;APP_SystemClockConfig
</UL>

<P><STRONG><a name="[28]"></a>LL_TIM_Init</STRONG> (Thumb, 100 bytes, Stack size 8 bytes, py32f0xx_ll_tim.o(i.LL_TIM_Init))
<BR><BR>[Stack]<UL><LI>Max Depth = 8<LI>Call Chain = LL_TIM_Init
</UL>
<BR>[Called By]<UL><LI><a href="#[26]">&gt;&gt;</a>&nbsp;&nbsp;&nbsp;APP_ConfigTIM1
</UL>

<P><STRONG><a name="[e]"></a>LPTIM1_IRQHandler</STRONG> (Thumb, 34 bytes, Stack size 0 bytes, py32f0xx_it.o(i.LPTIM1_IRQHandler))
<BR>[Address Reference Count : 1]<UL><LI> startup_py32f002xx.o(RESET)
</UL>
<P><STRONG><a name="[1]"></a>NMI_Handler</STRONG> (Thumb, 2 bytes, Stack size 0 bytes, py32f0xx_it.o(i.NMI_Handler))
<BR>[Address Reference Count : 1]<UL><LI> startup_py32f002xx.o(RESET)
</UL>
<P><STRONG><a name="[33]"></a>OLED_Clear</STRONG> (Thumb, 64 bytes, Stack size 16 bytes, oled091.o(i.OLED_Clear))
<BR><BR>[Stack]<UL><LI>Max Depth = 112<LI>Call Chain = OLED_Clear &rArr; oled091_Write_Byte &rArr; _iic_wait_slave_ack
</UL>
<BR>[Calls]<UL><LI><a href="#[34]">&gt;&gt;</a>&nbsp;&nbsp;&nbsp;oled091_Write_Byte
</UL>
<BR>[Called By]<UL><LI><a href="#[35]">&gt;&gt;</a>&nbsp;&nbsp;&nbsp;OLED_Init
<LI><a href="#[25]">&gt;&gt;</a>&nbsp;&nbsp;&nbsp;$Super$$main
</UL>

<P><STRONG><a name="[35]"></a>OLED_Init</STRONG> (Thumb, 242 bytes, Stack size 8 bytes, oled091.o(i.OLED_Init))
<BR><BR>[Stack]<UL><LI>Max Depth = 120<LI>Call Chain = OLED_Init &rArr; OLED_Clear &rArr; oled091_Write_Byte &rArr; _iic_wait_slave_ack
</UL>
<BR>[Calls]<UL><LI><a href="#[33]">&gt;&gt;</a>&nbsp;&nbsp;&nbsp;OLED_Clear
<LI><a href="#[37]">&gt;&gt;</a>&nbsp;&nbsp;&nbsp;delay_ms
<LI><a href="#[36]">&gt;&gt;</a>&nbsp;&nbsp;&nbsp;oled091_init
<LI><a href="#[34]">&gt;&gt;</a>&nbsp;&nbsp;&nbsp;oled091_Write_Byte
</UL>
<BR>[Called By]<UL><LI><a href="#[25]">&gt;&gt;</a>&nbsp;&nbsp;&nbsp;$Super$$main
</UL>

<P><STRONG><a name="[38]"></a>OLED_Set_Pos</STRONG> (Thumb, 46 bytes, Stack size 16 bytes, oled091.o(i.OLED_Set_Pos))
<BR><BR>[Stack]<UL><LI>Max Depth = 112<LI>Call Chain = OLED_Set_Pos &rArr; oled091_Write_Byte &rArr; _iic_wait_slave_ack
</UL>
<BR>[Calls]<UL><LI><a href="#[34]">&gt;&gt;</a>&nbsp;&nbsp;&nbsp;oled091_Write_Byte
</UL>
<BR>[Called By]<UL><LI><a href="#[39]">&gt;&gt;</a>&nbsp;&nbsp;&nbsp;OLED_ShowChar
</UL>

<P><STRONG><a name="[39]"></a>OLED_ShowChar</STRONG> (Thumb, 376 bytes, Stack size 40 bytes, oled091.o(i.OLED_ShowChar))
<BR><BR>[Stack]<UL><LI>Max Depth = 152<LI>Call Chain = OLED_ShowChar &rArr; OLED_Set_Pos &rArr; oled091_Write_Byte &rArr; _iic_wait_slave_ack
</UL>
<BR>[Calls]<UL><LI><a href="#[34]">&gt;&gt;</a>&nbsp;&nbsp;&nbsp;oled091_Write_Byte
<LI><a href="#[38]">&gt;&gt;</a>&nbsp;&nbsp;&nbsp;OLED_Set_Pos
</UL>
<BR>[Called By]<UL><LI><a href="#[3a]">&gt;&gt;</a>&nbsp;&nbsp;&nbsp;OLED_ShowString
</UL>

<P><STRONG><a name="[3a]"></a>OLED_ShowString</STRONG> (Thumb, 70 bytes, Stack size 40 bytes, oled091.o(i.OLED_ShowString))
<BR><BR>[Stack]<UL><LI>Max Depth = 192<LI>Call Chain = OLED_ShowString &rArr; OLED_ShowChar &rArr; OLED_Set_Pos &rArr; oled091_Write_Byte &rArr; _iic_wait_slave_ack
</UL>
<BR>[Calls]<UL><LI><a href="#[39]">&gt;&gt;</a>&nbsp;&nbsp;&nbsp;OLED_ShowChar
</UL>
<BR>[Called By]<UL><LI><a href="#[25]">&gt;&gt;</a>&nbsp;&nbsp;&nbsp;$Super$$main
</UL>

<P><STRONG><a name="[3b]"></a>OsTimeTaskCB</STRONG> (Thumb, 168 bytes, Stack size 8 bytes, main.o(i.OsTimeTaskCB))
<BR><BR>[Stack]<UL><LI>Max Depth = 8<LI>Call Chain = OsTimeTaskCB
</UL>
<BR>[Calls]<UL><LI><a href="#[3c]">&gt;&gt;</a>&nbsp;&nbsp;&nbsp;LL_GPIO_SetOutputPin
</UL>
<BR>[Called By]<UL><LI><a href="#[5]">&gt;&gt;</a>&nbsp;&nbsp;&nbsp;SysTick_Handler
</UL>

<P><STRONG><a name="[4]"></a>PendSV_Handler</STRONG> (Thumb, 2 bytes, Stack size 0 bytes, py32f0xx_it.o(i.PendSV_Handler))
<BR>[Address Reference Count : 1]<UL><LI> startup_py32f002xx.o(RESET)
</UL>
<P><STRONG><a name="[3]"></a>SVC_Handler</STRONG> (Thumb, 2 bytes, Stack size 0 bytes, py32f0xx_it.o(i.SVC_Handler))
<BR>[Address Reference Count : 1]<UL><LI> startup_py32f002xx.o(RESET)
</UL>
<P><STRONG><a name="[5]"></a>SysTick_Handler</STRONG> (Thumb, 8 bytes, Stack size 8 bytes, py32f0xx_it.o(i.SysTick_Handler))
<BR><BR>[Stack]<UL><LI>Max Depth = 16<LI>Call Chain = SysTick_Handler &rArr; OsTimeTaskCB
</UL>
<BR>[Calls]<UL><LI><a href="#[3b]">&gt;&gt;</a>&nbsp;&nbsp;&nbsp;OsTimeTaskCB
</UL>
<BR>[Address Reference Count : 1]<UL><LI> startup_py32f002xx.o(RESET)
</UL>
<P><STRONG><a name="[14]"></a>SystemInit</STRONG> (Thumb, 32 bytes, Stack size 0 bytes, system_py32f0xx.o(i.SystemInit))
<BR>[Address Reference Count : 1]<UL><LI> startup_py32f002xx.o(.text)
</UL>
<P><STRONG><a name="[f]"></a>TIM16_IRQHandler</STRONG> (Thumb, 40 bytes, Stack size 8 bytes, py32f0xx_it.o(i.TIM16_IRQHandler))
<BR><BR>[Stack]<UL><LI>Max Depth = 8<LI>Call Chain = TIM16_IRQHandler
</UL>
<BR>[Calls]<UL><LI><a href="#[3d]">&gt;&gt;</a>&nbsp;&nbsp;&nbsp;LL_TIM_IsEnabledIT_UPDATE
</UL>
<BR>[Address Reference Count : 1]<UL><LI> startup_py32f002xx.o(RESET)
</UL>
<P><STRONG><a name="[c]"></a>TIM1_BRK_UP_TRG_COM_IRQHandler</STRONG> (Thumb, 40 bytes, Stack size 8 bytes, py32f0xx_it.o(i.TIM1_BRK_UP_TRG_COM_IRQHandler))
<BR><BR>[Stack]<UL><LI>Max Depth = 8<LI>Call Chain = TIM1_BRK_UP_TRG_COM_IRQHandler
</UL>
<BR>[Calls]<UL><LI><a href="#[3d]">&gt;&gt;</a>&nbsp;&nbsp;&nbsp;LL_TIM_IsEnabledIT_UPDATE
</UL>
<BR>[Address Reference Count : 1]<UL><LI> startup_py32f002xx.o(RESET)
</UL>
<P><STRONG><a name="[3e]"></a>__0sprintf$6</STRONG> (Thumb, 36 bytes, Stack size 24 bytes, printf6.o(i.__0sprintf$6), UNUSED)
<BR><BR>[Calls]<UL><LI><a href="#[16]">&gt;&gt;</a>&nbsp;&nbsp;&nbsp;_sputc
<LI><a href="#[3f]">&gt;&gt;</a>&nbsp;&nbsp;&nbsp;_printf_core
</UL>

<P><STRONG><a name="[55]"></a>__1sprintf$6</STRONG> (Thumb, 0 bytes, Stack size 24 bytes, printf6.o(i.__0sprintf$6), UNUSED)

<P><STRONG><a name="[42]"></a>__2sprintf</STRONG> (Thumb, 0 bytes, Stack size 24 bytes, printf6.o(i.__0sprintf$6))
<BR><BR>[Stack]<UL><LI>Max Depth = 24<LI>Call Chain = __2sprintf
</UL>
<BR>[Called By]<UL><LI><a href="#[25]">&gt;&gt;</a>&nbsp;&nbsp;&nbsp;$Super$$main
</UL>

<P><STRONG><a name="[56]"></a>__scatterload_copy</STRONG> (Thumb, 14 bytes, Stack size unknown bytes, handlers.o(i.__scatterload_copy), UNUSED)

<P><STRONG><a name="[57]"></a>__scatterload_null</STRONG> (Thumb, 2 bytes, Stack size unknown bytes, handlers.o(i.__scatterload_null), UNUSED)

<P><STRONG><a name="[58]"></a>__scatterload_zeroinit</STRONG> (Thumb, 14 bytes, Stack size unknown bytes, handlers.o(i.__scatterload_zeroinit), UNUSED)

<P><STRONG><a name="[44]"></a>_iic_send_byte</STRONG> (Thumb, 68 bytes, Stack size 32 bytes, t_iic.o(i._iic_send_byte))
<BR><BR>[Stack]<UL><LI>Max Depth = 32<LI>Call Chain = _iic_send_byte
</UL>
<BR>[Called By]<UL><LI><a href="#[34]">&gt;&gt;</a>&nbsp;&nbsp;&nbsp;oled091_Write_Byte
</UL>

<P><STRONG><a name="[43]"></a>_iic_start</STRONG> (Thumb, 40 bytes, Stack size 24 bytes, t_iic.o(i._iic_start))
<BR><BR>[Stack]<UL><LI>Max Depth = 24<LI>Call Chain = _iic_start
</UL>
<BR>[Called By]<UL><LI><a href="#[34]">&gt;&gt;</a>&nbsp;&nbsp;&nbsp;oled091_Write_Byte
</UL>

<P><STRONG><a name="[46]"></a>_iic_stop</STRONG> (Thumb, 32 bytes, Stack size 24 bytes, t_iic.o(i._iic_stop))
<BR><BR>[Stack]<UL><LI>Max Depth = 24<LI>Call Chain = _iic_stop
</UL>
<BR>[Called By]<UL><LI><a href="#[34]">&gt;&gt;</a>&nbsp;&nbsp;&nbsp;oled091_Write_Byte
</UL>

<P><STRONG><a name="[45]"></a>_iic_wait_slave_ack</STRONG> (Thumb, 66 bytes, Stack size 32 bytes, t_iic.o(i._iic_wait_slave_ack))
<BR><BR>[Stack]<UL><LI>Max Depth = 32<LI>Call Chain = _iic_wait_slave_ack
</UL>
<BR>[Called By]<UL><LI><a href="#[34]">&gt;&gt;</a>&nbsp;&nbsp;&nbsp;oled091_Write_Byte
</UL>

<P><STRONG><a name="[37]"></a>delay_ms</STRONG> (Thumb, 16 bytes, Stack size 0 bytes, main.o(i.delay_ms))
<BR><BR>[Called By]<UL><LI><a href="#[35]">&gt;&gt;</a>&nbsp;&nbsp;&nbsp;OLED_Init
<LI><a href="#[25]">&gt;&gt;</a>&nbsp;&nbsp;&nbsp;$Super$$main
</UL>

<P><STRONG><a name="[47]"></a>delay_us</STRONG> (Thumb, 58 bytes, Stack size 0 bytes, main.o(i.delay_us))
<BR><BR>[Called By]<UL><LI><a href="#[17]">&gt;&gt;</a>&nbsp;&nbsp;&nbsp;oled091_delay
</UL>

<P><STRONG><a name="[25]"></a>$Super$$main</STRONG> (Thumb, 134 bytes, Stack size 24 bytes, main.o(i.main))
<BR><BR>[Stack]<UL><LI>Max Depth = 216<LI>Call Chain = $Super$$main &rArr; OLED_ShowString &rArr; OLED_ShowChar &rArr; OLED_Set_Pos &rArr; oled091_Write_Byte &rArr; _iic_wait_slave_ack
</UL>
<BR>[Calls]<UL><LI><a href="#[3a]">&gt;&gt;</a>&nbsp;&nbsp;&nbsp;OLED_ShowString
<LI><a href="#[35]">&gt;&gt;</a>&nbsp;&nbsp;&nbsp;OLED_Init
<LI><a href="#[33]">&gt;&gt;</a>&nbsp;&nbsp;&nbsp;OLED_Clear
<LI><a href="#[37]">&gt;&gt;</a>&nbsp;&nbsp;&nbsp;delay_ms
<LI><a href="#[30]">&gt;&gt;</a>&nbsp;&nbsp;&nbsp;APP_SystemInit
<LI><a href="#[3c]">&gt;&gt;</a>&nbsp;&nbsp;&nbsp;LL_GPIO_SetOutputPin
<LI><a href="#[42]">&gt;&gt;</a>&nbsp;&nbsp;&nbsp;__2sprintf
<LI><a href="#[27]">&gt;&gt;</a>&nbsp;&nbsp;&nbsp;__aeabi_memclr4
</UL>
<BR>[Called By]<UL><LI><a href="#[13]">&gt;&gt;</a>&nbsp;&nbsp;&nbsp;main
</UL>

<P><STRONG><a name="[34]"></a>oled091_Write_Byte</STRONG> (Thumb, 2198 bytes, Stack size 64 bytes, oled091.o(i.oled091_Write_Byte))
<BR><BR>[Stack]<UL><LI>Max Depth = 96<LI>Call Chain = oled091_Write_Byte &rArr; _iic_wait_slave_ack
</UL>
<BR>[Calls]<UL><LI><a href="#[45]">&gt;&gt;</a>&nbsp;&nbsp;&nbsp;_iic_wait_slave_ack
<LI><a href="#[46]">&gt;&gt;</a>&nbsp;&nbsp;&nbsp;_iic_stop
<LI><a href="#[43]">&gt;&gt;</a>&nbsp;&nbsp;&nbsp;_iic_start
<LI><a href="#[44]">&gt;&gt;</a>&nbsp;&nbsp;&nbsp;_iic_send_byte
</UL>
<BR>[Called By]<UL><LI><a href="#[35]">&gt;&gt;</a>&nbsp;&nbsp;&nbsp;OLED_Init
<LI><a href="#[33]">&gt;&gt;</a>&nbsp;&nbsp;&nbsp;OLED_Clear
<LI><a href="#[39]">&gt;&gt;</a>&nbsp;&nbsp;&nbsp;OLED_ShowChar
<LI><a href="#[38]">&gt;&gt;</a>&nbsp;&nbsp;&nbsp;OLED_Set_Pos
</UL>

<P><STRONG><a name="[17]"></a>oled091_delay</STRONG> (Thumb, 10 bytes, Stack size 8 bytes, oled091.o(i.oled091_delay))
<BR><BR>[Stack]<UL><LI>Max Depth = 8<LI>Call Chain = oled091_delay
</UL>
<BR>[Calls]<UL><LI><a href="#[47]">&gt;&gt;</a>&nbsp;&nbsp;&nbsp;delay_us
</UL>
<BR>[Address Reference Count : 1]<UL><LI> oled091.o(i.oled091_init)
</UL>
<P><STRONG><a name="[36]"></a>oled091_init</STRONG> (Thumb, 172 bytes, Stack size 32 bytes, oled091.o(i.oled091_init))
<BR><BR>[Stack]<UL><LI>Max Depth = 52<LI>Call Chain = oled091_init &rArr; LL_GPIO_Init
</UL>
<BR>[Calls]<UL><LI><a href="#[2b]">&gt;&gt;</a>&nbsp;&nbsp;&nbsp;LL_GPIO_Init
</UL>
<BR>[Called By]<UL><LI><a href="#[35]">&gt;&gt;</a>&nbsp;&nbsp;&nbsp;OLED_Init
</UL>

<P><STRONG><a name="[18]"></a>oled091_scl_high</STRONG> (Thumb, 12 bytes, Stack size 8 bytes, oled091.o(i.oled091_scl_high))
<BR><BR>[Stack]<UL><LI>Max Depth = 8<LI>Call Chain = oled091_scl_high
</UL>
<BR>[Calls]<UL><LI><a href="#[48]">&gt;&gt;</a>&nbsp;&nbsp;&nbsp;LL_GPIO_SetOutputPin
</UL>
<BR>[Address Reference Count : 1]<UL><LI> oled091.o(i.oled091_init)
</UL>
<P><STRONG><a name="[19]"></a>oled091_scl_low</STRONG> (Thumb, 12 bytes, Stack size 8 bytes, oled091.o(i.oled091_scl_low))
<BR><BR>[Stack]<UL><LI>Max Depth = 8<LI>Call Chain = oled091_scl_low
</UL>
<BR>[Calls]<UL><LI><a href="#[49]">&gt;&gt;</a>&nbsp;&nbsp;&nbsp;LL_GPIO_ResetOutputPin
</UL>
<BR>[Address Reference Count : 1]<UL><LI> oled091.o(i.oled091_init)
</UL>
<P><STRONG><a name="[1a]"></a>oled091_sda_high</STRONG> (Thumb, 14 bytes, Stack size 8 bytes, oled091.o(i.oled091_sda_high))
<BR><BR>[Stack]<UL><LI>Max Depth = 8<LI>Call Chain = oled091_sda_high
</UL>
<BR>[Calls]<UL><LI><a href="#[48]">&gt;&gt;</a>&nbsp;&nbsp;&nbsp;LL_GPIO_SetOutputPin
</UL>
<BR>[Address Reference Count : 1]<UL><LI> oled091.o(i.oled091_init)
</UL>
<P><STRONG><a name="[1c]"></a>oled091_sda_in</STRONG> (Thumb, 30 bytes, Stack size 32 bytes, oled091.o(i.oled091_sda_in))
<BR><BR>[Stack]<UL><LI>Max Depth = 52<LI>Call Chain = oled091_sda_in &rArr; LL_GPIO_Init
</UL>
<BR>[Calls]<UL><LI><a href="#[2b]">&gt;&gt;</a>&nbsp;&nbsp;&nbsp;LL_GPIO_Init
</UL>
<BR>[Address Reference Count : 1]<UL><LI> oled091.o(i.oled091_init)
</UL>
<P><STRONG><a name="[1b]"></a>oled091_sda_low</STRONG> (Thumb, 14 bytes, Stack size 8 bytes, oled091.o(i.oled091_sda_low))
<BR><BR>[Stack]<UL><LI>Max Depth = 8<LI>Call Chain = oled091_sda_low
</UL>
<BR>[Calls]<UL><LI><a href="#[49]">&gt;&gt;</a>&nbsp;&nbsp;&nbsp;LL_GPIO_ResetOutputPin
</UL>
<BR>[Address Reference Count : 1]<UL><LI> oled091.o(i.oled091_init)
</UL>
<P><STRONG><a name="[1d]"></a>oled091_sda_out</STRONG> (Thumb, 38 bytes, Stack size 32 bytes, oled091.o(i.oled091_sda_out))
<BR><BR>[Stack]<UL><LI>Max Depth = 52<LI>Call Chain = oled091_sda_out &rArr; LL_GPIO_Init
</UL>
<BR>[Calls]<UL><LI><a href="#[2b]">&gt;&gt;</a>&nbsp;&nbsp;&nbsp;LL_GPIO_Init
</UL>
<BR>[Address Reference Count : 1]<UL><LI> oled091.o(i.oled091_init)
</UL>
<P><STRONG><a name="[1e]"></a>oled091_sda_read</STRONG> (Thumb, 24 bytes, Stack size 0 bytes, oled091.o(i.oled091_sda_read))
<BR>[Address Reference Count : 1]<UL><LI> oled091.o(i.oled091_init)
</UL><P>
<H3>
Local Symbols
</H3>
<P><STRONG><a name="[3c]"></a>LL_GPIO_SetOutputPin</STRONG> (Thumb, 4 bytes, Stack size 0 bytes, main.o(i.LL_GPIO_SetOutputPin))
<BR><BR>[Called By]<UL><LI><a href="#[3b]">&gt;&gt;</a>&nbsp;&nbsp;&nbsp;OsTimeTaskCB
<LI><a href="#[25]">&gt;&gt;</a>&nbsp;&nbsp;&nbsp;$Super$$main
</UL>

<P><STRONG><a name="[29]"></a>NVIC_SetPriority</STRONG> (Thumb, 110 bytes, Stack size 8 bytes, main.o(i.NVIC_SetPriority))
<BR><BR>[Stack]<UL><LI>Max Depth = 8<LI>Call Chain = NVIC_SetPriority
</UL>
<BR>[Called By]<UL><LI><a href="#[2c]">&gt;&gt;</a>&nbsp;&nbsp;&nbsp;APP_SystemClockConfig
<LI><a href="#[26]">&gt;&gt;</a>&nbsp;&nbsp;&nbsp;APP_ConfigTIM1
</UL>

<P><STRONG><a name="[32]"></a>LL_EXTI_ClearFlag</STRONG> (Thumb, 6 bytes, Stack size 0 bytes, py32f0xx_it.o(i.LL_EXTI_ClearFlag))
<BR><BR>[Called By]<UL><LI><a href="#[a]">&gt;&gt;</a>&nbsp;&nbsp;&nbsp;EXTI4_15_IRQHandler
<LI><a href="#[8]">&gt;&gt;</a>&nbsp;&nbsp;&nbsp;EXTI0_1_IRQHandler
</UL>

<P><STRONG><a name="[31]"></a>LL_EXTI_ReadFlag</STRONG> (Thumb, 10 bytes, Stack size 0 bytes, py32f0xx_it.o(i.LL_EXTI_ReadFlag))
<BR><BR>[Called By]<UL><LI><a href="#[a]">&gt;&gt;</a>&nbsp;&nbsp;&nbsp;EXTI4_15_IRQHandler
<LI><a href="#[8]">&gt;&gt;</a>&nbsp;&nbsp;&nbsp;EXTI0_1_IRQHandler
</UL>

<P><STRONG><a name="[3d]"></a>LL_TIM_IsEnabledIT_UPDATE</STRONG> (Thumb, 16 bytes, Stack size 0 bytes, py32f0xx_it.o(i.LL_TIM_IsEnabledIT_UPDATE))
<BR><BR>[Called By]<UL><LI><a href="#[c]">&gt;&gt;</a>&nbsp;&nbsp;&nbsp;TIM1_BRK_UP_TRG_COM_IRQHandler
<LI><a href="#[f]">&gt;&gt;</a>&nbsp;&nbsp;&nbsp;TIM16_IRQHandler
</UL>

<P><STRONG><a name="[49]"></a>LL_GPIO_ResetOutputPin</STRONG> (Thumb, 4 bytes, Stack size 0 bytes, oled091.o(i.LL_GPIO_ResetOutputPin))
<BR><BR>[Called By]<UL><LI><a href="#[1b]">&gt;&gt;</a>&nbsp;&nbsp;&nbsp;oled091_sda_low
<LI><a href="#[19]">&gt;&gt;</a>&nbsp;&nbsp;&nbsp;oled091_scl_low
</UL>

<P><STRONG><a name="[48]"></a>LL_GPIO_SetOutputPin</STRONG> (Thumb, 4 bytes, Stack size 0 bytes, oled091.o(i.LL_GPIO_SetOutputPin))
<BR><BR>[Called By]<UL><LI><a href="#[1a]">&gt;&gt;</a>&nbsp;&nbsp;&nbsp;oled091_sda_high
<LI><a href="#[18]">&gt;&gt;</a>&nbsp;&nbsp;&nbsp;oled091_scl_high
</UL>

<P><STRONG><a name="[3f]"></a>_printf_core</STRONG> (Thumb, 768 bytes, Stack size 96 bytes, printf6.o(i._printf_core), UNUSED)
<BR><BR>[Calls]<UL><LI><a href="#[40]">&gt;&gt;</a>&nbsp;&nbsp;&nbsp;_printf_pre_padding
<LI><a href="#[41]">&gt;&gt;</a>&nbsp;&nbsp;&nbsp;_printf_post_padding
<LI><a href="#[2f]">&gt;&gt;</a>&nbsp;&nbsp;&nbsp;__aeabi_uidivmod
</UL>
<BR>[Called By]<UL><LI><a href="#[3e]">&gt;&gt;</a>&nbsp;&nbsp;&nbsp;__0sprintf$6
</UL>

<P><STRONG><a name="[41]"></a>_printf_post_padding</STRONG> (Thumb, 32 bytes, Stack size 24 bytes, printf6.o(i._printf_post_padding), UNUSED)
<BR><BR>[Called By]<UL><LI><a href="#[3f]">&gt;&gt;</a>&nbsp;&nbsp;&nbsp;_printf_core
</UL>

<P><STRONG><a name="[40]"></a>_printf_pre_padding</STRONG> (Thumb, 44 bytes, Stack size 40 bytes, printf6.o(i._printf_pre_padding), UNUSED)
<BR><BR>[Called By]<UL><LI><a href="#[3f]">&gt;&gt;</a>&nbsp;&nbsp;&nbsp;_printf_core
</UL>

<P><STRONG><a name="[16]"></a>_sputc</STRONG> (Thumb, 10 bytes, Stack size 0 bytes, printf6.o(i._sputc))
<BR><BR>[Called By]<UL><LI><a href="#[3e]">&gt;&gt;</a>&nbsp;&nbsp;&nbsp;__0sprintf$6
</UL>
<BR>[Address Reference Count : 1]<UL><LI> printf6.o(i.__0sprintf$6)
</UL><P>
<H3>
Undefined Global Symbols
</H3><HR></body></html>
